BL51 BANKED LINKER/LOCATER V6.22                                                        01/09/2014  12:21:23  PAGE 1


BL51 BANKED LINKER/LOCATER V6.22, INVOKED BY:
C:\KEIL\C51\BIN\BL51.EXE STARTUP.obj, L51_BANK.obj, luxp_ADCS.obj, luxp_add.obj, luxp_antenna.obj, luxp_check.obj, luxp_
>> cqueue.obj, luxp_debugging.obj, luxp_extra.obj, luxp_function.obj, luxp_ground.obj, luxp_init.obj, luxp_interrupts.ob
>> j, luxp_ISIS.obj, luxp_main.obj, luxp_PWRS.obj, luxp_RTC.obj, luxp_RW.obj, luxp_schedule.obj, luxp_SD.obj, luxp_send.
>> obj, luxp_storing.obj, luxp_task.obj, luxp_time.obj TO LUX-P(1.1) RAMSIZE (256)


MEMORY MODEL: LARGE WITH FLOATING POINT ARITHMETIC


INPUT MODULES INCLUDED:
  STARTUP.obj (?C_STARTUP)
  L51_BANK.obj (?BANK?SWITCHING)
  luxp_ADCS.obj (LUXP_ADCS)
  luxp_add.obj (LUXP_ADD)
  luxp_antenna.obj (LUXP_ANTENNA)
  luxp_check.obj (LUXP_CHECK)
  luxp_cqueue.obj (LUXP_CQUEUE)
  luxp_debugging.obj (LUXP_DEBUGGING)
  luxp_extra.obj (LUXP_EXTRA)
  luxp_function.obj (LUXP_FUNCTION)
  luxp_ground.obj (LUXP_GROUND)
  luxp_init.obj (LUXP_INIT)
  luxp_interrupts.obj (LUXP_INTERRUPTS)
  luxp_ISIS.obj (LUXP_ISIS)
  luxp_main.obj (LUXP_MAIN)
  luxp_PWRS.obj (LUXP_PWRS)
  luxp_RTC.obj (LUXP_RTC)
  luxp_RW.obj (LUXP_RW)
  luxp_schedule.obj (LUXP_SCHEDULE)
  luxp_SD.obj (LUXP_SD)
  luxp_send.obj (LUXP_SEND)
  luxp_storing.obj (LUXP_STORING)
  luxp_task.obj (LUXP_TASK)
  luxp_time.obj (LUXP_TIME)
  C:\KEIL\C51\LIB\C51FPL.LIB (?C?FPADD)
  C:\KEIL\C51\LIB\C51FPL.LIB (?C?FPMUL)
  C:\KEIL\C51\LIB\C51FPL.LIB (?C?FPDIV)
  C:\KEIL\C51\LIB\C51FPL.LIB (?C?FCAST)
  C:\KEIL\C51\LIB\C51FPL.LIB (?C?CASTF)
  C:\KEIL\C51\LIB\C51FPL.LIB (?C?FPGETOPN)
  C:\KEIL\C51\LIB\C51L.LIB (?C_INIT)
  C:\KEIL\C51\LIB\C51L.LIB (?C?COPY)
  C:\KEIL\C51\LIB\C51L.LIB (?C?CLDPTR)
  C:\KEIL\C51\LIB\C51L.LIB (?C?CLDOPTR)
  C:\KEIL\C51\LIB\C51L.LIB (?C?CILDPTR)
  C:\KEIL\C51\LIB\C51L.LIB (?C?CSTPTR)
  C:\KEIL\C51\LIB\C51L.LIB (?C?CSTOPTR)
  C:\KEIL\C51\LIB\C51L.LIB (?C?IMUL)
  C:\KEIL\C51\LIB\C51L.LIB (?C?UIDIV)
  C:\KEIL\C51\LIB\C51L.LIB (?C?ILDIX)
  C:\KEIL\C51\LIB\C51L.LIB (?C?LMUL)
  C:\KEIL\C51\LIB\C51L.LIB (?C?ULDIV)
  C:\KEIL\C51\LIB\C51L.LIB (?C?LNEG)
  C:\KEIL\C51\LIB\C51L.LIB (?C?ULCMP)
  C:\KEIL\C51\LIB\C51L.LIB (?C?ULSHR)
  C:\KEIL\C51\LIB\C51L.LIB (?C?SLSHR)
  C:\KEIL\C51\LIB\C51L.LIB (?C?LSHL)
BL51 BANKED LINKER/LOCATER V6.22                                                      01/09/2014  12:21:23  PAGE 2


  C:\KEIL\C51\LIB\C51L.LIB (?C?LLDPTR)
  C:\KEIL\C51\LIB\C51L.LIB (?C?LSTPTR)
  C:\KEIL\C51\LIB\C51L.LIB (?C?LSTXDATA)
  C:\KEIL\C51\LIB\C51L.LIB (?C?LSTKXDATA)
  C:\KEIL\C51\LIB\C51L.LIB (?C?OFFXADD)
  C:\KEIL\C51\LIB\C51L.LIB (?C?CCASE)
  C:\KEIL\C51\LIB\C51L.LIB (?C?ICASE)
  C:\KEIL\C51\LIB\C51L.LIB (?C?MEMSET)
  C:\KEIL\C51\LIB\C51L.LIB (?C?LLDIDATA)
  C:\KEIL\C51\LIB\C51L.LIB (?C?LLDXDATA)
  C:\KEIL\C51\LIB\C51L.LIB (?C?LLDPDATA)
  C:\KEIL\C51\LIB\C51L.LIB (?C?LLDCODE)
  C:\KEIL\C51\LIB\C51L.LIB (?C?LSTIDATA)
  C:\KEIL\C51\LIB\C51L.LIB (?C?LSTPDATA)


LINK MAP OF MODULE:  LUX-P(1.1) (?C_STARTUP)


            TYPE    BASE      LENGTH    RELOCATION   SEGMENT NAME
            -----------------------------------------------------

            * * * * * * *   D A T A   M E M O R Y   * * * * * * *
            REG     0000H     0008H     ABSOLUTE     "REG BANK 0"
            DATA    0008H     0001H     UNIT         ?BANK?DATA
                    0009H     0017H                  *** GAP ***
            BIT     0020H.0   0000H.1   UNIT         _BIT_GROUP_
                    0020H.1   0000H.7                *** GAP ***
            IDATA   0021H     0001H     UNIT         ?STACK

            * * * * * * *  X D A T A   M E M O R Y  * * * * * * *
            XDATA   0000H     1A7DH     UNIT         ?XD?LUXP_MAIN
            XDATA   1A7DH     00BDH     UNIT         _XDATA_GROUP_
            XDATA   1B3AH     0007H     UNIT         ?XD?LUXP_INTERRUPTS
            XDATA   1B41H     0005H     UNIT         ?XD?LUXP_SD
            XDATA   1B46H     0002H     UNIT         ?XD?LUXP_SEND
            XDATA   1B48H     0001H     UNIT         ?XD?LUXP_EXTRA

            * * * * * * *   C O D E   M E M O R Y   * * * * * * *
            CODE    0000H     0003H     ABSOLUTE     
                    0003H     0030H                  *** GAP ***
            CODE    0033H     0003H     ABSOLUTE     
                    0036H     0005H                  *** GAP ***
            CODE    003BH     0003H     ABSOLUTE     
                    003EH     0035H                  *** GAP ***
            CODE    0073H     0003H     ABSOLUTE     
                    0076H     000DH                  *** GAP ***
            CODE    0083H     0003H     ABSOLUTE     
                    0086H     001DH                  *** GAP ***
            CODE    00A3H     0003H     ABSOLUTE     
                    00A6H     075AH                  *** GAP ***
            CODE    0800H     1EE8H     UNIT         ?PR?_FILLDATA?LUXP_ADD
            CODE    26E8H     13FAH     UNIT         ?PR?_FUNCTIONMODULE?LUXP_FUNCTION
            CODE    3AE2H     0E51H     UNIT         ?PR?GROUNDSTATIONCOMMANDHANDLER?LUXP_MAIN
            CODE    4933H     0929H     UNIT         ?C?LIB_CODE
            CODE    525CH     06B8H     UNIT         ?PR?_GROUNDINITCWBEACON?LUXP_GROUND
            CODE    5914H     0657H     UNIT         ?PR?ISRTIMER4?LUXP_INTERRUPTS
BL51 BANKED LINKER/LOCATER V6.22                                                      01/09/2014  12:21:23  PAGE 3


            CODE    5F6BH     0562H     UNIT         ?C_INITSEG
            CODE    64CDH     0408H     UNIT         ?PR?_READSCRIPTLINE?LUXP_TASK
            CODE    68D5H     03CDH     UNIT         ?PR?_CHANGEDATA?LUXP_DEBUGGING
            CODE    6CA2H     03BEH     UNIT         ?PR?SYSTEMUPDATEANDMONITOR?LUXP_MAIN
            CODE    7060H     03B3H     UNIT         ?PR?INITSDDATA?LUXP_STORING
            CODE    7413H     0386H     UNIT         ?PR?BEACONHANDLER?LUXP_MAIN
            CODE    7799H     037EH     UNIT         ?PR?LUXP_MAIN
            CODE    7B17H     02F1H     UNIT         ?PR?SENDDATA?LUXP_SEND
            CODE    7E08H     02D4H     UNIT         ?PR?_ISISI2CMSG?LUXP_ISIS
            CODE    80DCH     028CH     UNIT         ?PR?LUXP_TASK
            CODE    8368H     028AH     UNIT         ?PR?LUXP_ADD
            CODE    85F2H     0273H     UNIT         ?PR?LUXP_STORING
            CODE    8865H     0244H     UNIT         ?PR?MAIN?LUXP_MAIN
            CODE    8AA9H     023BH     UNIT         ?PR?BODYRATEHANDLER?LUXP_MAIN
            CODE    8CE4H     0219H     UNIT         ?PR?_STOREPWRS?LUXP_STORING
            CODE    8EFDH     020CH     UNIT         ?PR?_SETTASKFLAGS?LUXP_TASK
            CODE    9109H     020BH     UNIT         ?PR?LUXP_FUNCTION
            CODE    9314H     01FDH     UNIT         ?PR?_EVENTHANDLER?LUXP_CHECK
            CODE    9511H     01F0H     UNIT         ?PR?_SENDOPTIONS?LUXP_SEND
            CODE    9701H     01EAH     UNIT         ?PR?INITSENDDATA?LUXP_SEND
            CODE    98EBH     01D5H     UNIT         ?PR?UPDATEBODYRATEAVERAGE?LUXP_EXTRA
            CODE    9AC0H     01D5H     UNIT         ?PR?_SCRIPTLINEENDHANDLER?LUXP_TASK
            CODE    9C95H     01D3H     UNIT         ?PR?_STOREADCS?LUXP_STORING
            CODE    9E68H     01B2H     UNIT         ?PR?_LOADDATAPROTECTED?LUXP_STORING
            CODE    A01AH     019EH     UNIT         ?PR?_LOADSCHEDULE?LUXP_STORING
            CODE    A1B8H     018DH     UNIT         ?PR?ISRSMBUS?LUXP_INTERRUPTS
            CODE    A345H     0187H     UNIT         ?PR?_ISISI2C?LUXP_ISIS
            CODE    A4CCH     0170H     UNIT         ?PR?SATELLITEMODEHANDLER?LUXP_MAIN
            CODE    A63CH     016CH     UNIT         ?PR?_SEC2DATEUPDATEFROMREF?LUXP_TIME
            CODE    A7A8H     0169H     UNIT         ?PR?SAFEMODEHANDLER?LUXP_MAIN
            CODE    A911H     0165H     UNIT         ?PR?_ISISGETHOUSEKEEPING?LUXP_ISIS
            CODE    AA76H     0164H     UNIT         ?PR?_SEARCHBPBYORBITINFO?LUXP_STORING
            CODE    ABDAH     0156H     UNIT         ?PR?GETHMSINFO?LUXP_TIME
            CODE    AD30H     0154H     UNIT         ?PR?SATELLITESCHEDULEHANDLER?LUXP_MAIN
            CODE    AE84H     0152H     UNIT         ?PR?INSERTGDSNCOMMANDTOGSCHVAR?LUXP_ADD
            CODE    AFD6H     0146H     UNIT         ?PR?_REMOVESCHEDULE?LUXP_SCHEDULE
            CODE    B11CH     0144H     UNIT         ?PR?_SAVEDATA?LUXP_STORING
            CODE    B260H     0138H     UNIT         ?PR?LOGDATA?LUXP_TASK
            CODE    B398H     0120H     UNIT         ?PR?_TASKMODULE?LUXP_TASK
            CODE    B4B8H     0119H     UNIT         ?PR?_UPDATEOBDHSSCP?LUXP_STORING
            CODE    B5D1H     0117H     UNIT         ?PR?IDLEMODEHANDLER?LUXP_MAIN
            CODE    B6E8H     0106H     UNIT         ?PR?STOREISIS?LUXP_STORING
            CODE    B7EEH     0105H     UNIT         ?PR?INITSATELLITESTATE?LUXP_INIT
            CODE    B8F3H     0105H     UNIT         ?PR?_COMMANDCONTROLMODULE?LUXP_MAIN
            CODE    B9F8H     00FCH     UNIT         ?PR?LUXP_ISIS
            CODE    BAF4H     00FBH     UNIT         ?PR?_ADCSSETTLE?LUXP_ADCS
            CODE    BBEFH     00F9H     UNIT         ?PR?OVERLYLONGTRANSMISSIONRECOVERY?LUXP_EXTRA
            CODE    BCE8H     00F6H     UNIT         ?PR?LUXP_TIME
            CODE    BDDEH     00F5H     UNIT         ?PR?ADDNEWSCHEDULE?LUXP_SCHEDULE
            CODE    BED3H     00F3H     UNIT         ?PR?TIMEWINDOWCHECK?LUXP_CHECK
            CODE    BFC6H     00E8H     UNIT         ?PR?LUXP_SEND
            CODE    C0AEH     00E2H     UNIT         ?PR?COUNTNOOFDAYS?LUXP_TIME
            CODE    C190H     00E1H     UNIT         ?PR?LUXP_INIT
            CODE    C271H     00DEH     UNIT         ?PR?SENDDATAINAX25FRAME?LUXP_SEND
            CODE    C34FH     00DCH     UNIT         ?PR?_ISISI2CPAR?LUXP_ISIS
            CODE    C42BH     00DBH     UNIT         ?PR?_UPDATEOBDHSELECTEDDATA?LUXP_STORING
            CODE    C506H     00D7H     UNIT         ?PR?GETSATTIMEFROMRTC?LUXP_TIME
BL51 BANKED LINKER/LOCATER V6.22                                                      01/09/2014  12:21:23  PAGE 4


            CODE    C5DDH     00D6H     UNIT         ?PR?_STOREINSDCARD?LUXP_STORING
            CODE    C6B3H     00D5H     UNIT         ?PR?INITTESTTKSCRIPT?LUXP_INIT
            CODE    C788H     00D5H     UNIT         ?PR?I2CTRANSFER?LUXP_RW
            CODE    C85DH     00D4H     UNIT         ?PR?INITCRC?LUXP_INIT
            CODE    C931H     00D4H     UNIT         ?PR?_SCRIPTLINEGETTIMER?LUXP_TASK
            CODE    CA05H     00CDH     UNIT         ?PR?LUXP_SCHEDULE
            CODE    CAD2H     00CCH     UNIT         ?PR?_LOADSCRIPTSPACE?LUXP_STORING
            CODE    CB9EH     00C8H     UNIT         ?PR?_ADCSI2C?LUXP_ADCS
            CODE    CC66H     00C1H     UNIT         ?PR?INITTASKFLAGS?LUXP_INIT
            CODE    CD27H     00BCH     UNIT         ?PR?_ANTENNAI2C?LUXP_ANTENNA
            CODE    CDE3H     00B3H     UNIT         ?PR?INITDEPLOYANTENNASCRIPT?LUXP_INIT
            CODE    CE96H     00AEH     UNIT         ?PR?LUXP_EXTRA
            CODE    CF44H     00ACH     UNIT         ?PR?PERIPHERALERRORHANDLER?LUXP_MAIN
            CODE    CFF0H     00ACH     UNIT         ?PR?_RTCUPDATEDATE?LUXP_RTC
            CODE    D09CH     00ABH     UNIT         ?PR?_RTCDATEINIT?LUXP_RTC
            CODE    D147H     00A7H     UNIT         ?PR?LUXP_GROUND
            CODE    D1EEH     00A2H     UNIT         ?PR?INITSATELLITEDATE?LUXP_INIT
            CODE    D290H     009FH     UNIT         ?PR?LUXP_CHECK
            CODE    D32FH     009FH     UNIT         ?PR?_PWRSGETDATA?LUXP_PWRS
            CODE    D3CEH     009DH     UNIT         ?PR?GROUNDUPDATEREVNO?LUXP_GROUND
            CODE    D46BH     0099H     UNIT         ?PR?ISRUART1?LUXP_INTERRUPTS
            CODE    D504H     0098H     UNIT         ?PR?_PWRSI2C?LUXP_PWRS
            CODE    D59CH     0097H     UNIT         ?PR?INITSD?LUXP_SD
            CODE    D633H     0093H     UNIT         ?PR?_UPDATEOBDHESSENTIAL?LUXP_STORING
            CODE    D6C6H     0090H     UNIT         ?PR?LUXP_SD
            CODE    D756H     008FH     UNIT         ?PR?INITOSCILLATOR?LUXP_INIT
            CODE    D7E5H     008DH     UNIT         ?PR?_PWRSSETWDTLIMIT?LUXP_PWRS
            CODE    D872H     008CH     UNIT         ?C_C51STARTUP
            CODE    D8FEH     0087H     UNIT         ?PR?GROUNDPASSREQUESTKEYGENERATOR?LUXP_GROUND
            CODE    D985H     0086H     UNIT         ?PR?_UPDATEOBDHBP?LUXP_STORING
            CODE    DA0BH     0083H     UNIT         ?PR?_SD_GETUNTILNOT?LUXP_SD
            CODE    DA8EH     0082H     UNIT         ?PR?_CREATECHECKSUM?LUXP_CHECK
            CODE    DB10H     0082H     UNIT         ?PR?_UPDATEOBDHSELECTEDHK?LUXP_STORING
            CODE    DB92H     0081H     UNIT         ?PR?_ADCSSETCGAIN?LUXP_ADCS
            CODE    DC13H     0080H     UNIT         ?PR?LUXP_INTERRUPTS
            CODE    DC93H     007FH     UNIT         ?PR?_SENDTOUART1?LUXP_SEND
            CODE    DD12H     007CH     UNIT         ?PR?_CHECKCRC16MATCH?LUXP_CHECK
            CODE    DD8EH     007BH     UNIT         ?PR?LUXP_ADCS
            CODE    DE09H     007BH     UNIT         ?PR?INITGETHKSCRIPT?LUXP_INIT
            CODE    DE84H     0078H     UNIT         ?PR?GROUNDCOMMANDLISTENER?LUXP_GROUND
            CODE    DEFCH     0078H     UNIT         ?PR?_SD_SENDCOMMAND?LUXP_SD
            CODE    DF74H     0077H     UNIT         ?PR?INITOBDHPARAMETERS?LUXP_INIT
            CODE    DFEBH     0073H     UNIT         ?PR?_INSERTFLOATTOARRAY?LUXP_ADD
            CODE    E05EH     0073H     UNIT         ?PR?UPDATESATDATE?LUXP_TIME
            CODE    E0D1H     006FH     UNIT         ?PR?_ADCSSETTIME?LUXP_ADCS
            CODE    E140H     006DH     UNIT         ?PR?LUXP_PWRS
            CODE    E1ADH     006CH     UNIT         ?PR?_CHECKSUM_UPDATE?LUXP_CHECK
            CODE    E219H     006CH     UNIT         ?PR?INITLOGSTDATASCRIPT?LUXP_INIT
            CODE    E285H     006BH     UNIT         ?PR?_SCRIPTLINEGETRETRYCOUNTER?LUXP_TASK
            CODE    E2F0H     0069H     UNIT         ?PR?_INSERTLONGTOARRAY?LUXP_ADD
            CODE    E359H     0069H     UNIT         ?PR?_SD_COMMANDUNTIL?LUXP_SD
            CODE    E3C2H     0065H     UNIT         ?PR?_ADCSSETVECTORALIGNTOSUN?LUXP_ADCS
            CODE    E427H     0064H     UNIT         ?PR?_SAVEDATAPROTECTED?LUXP_STORING
            CODE    E48BH     0062H     UNIT         ?PR?INITSCHEDULER?LUXP_INIT
            CODE    E4EDH     0062H     UNIT         ?PR?LOADSTATE?LUXP_STORING
            CODE    E54FH     0062H     UNIT         ?PR?_WAITUS?LUXP_TIME
            CODE    E5B1H     0061H     UNIT         ?PR?_ADCSSETBODYRATE?LUXP_ADCS
BL51 BANKED LINKER/LOCATER V6.22                                                      01/09/2014  12:21:23  PAGE 5


            CODE    E612H     0061H     UNIT         ?PR?_WAITTENTHMS?LUXP_TIME
            CODE    E673H     0060H     UNIT         ?PR?_CALLRESET?LUXP_FUNCTION
            CODE    E6D3H     0060H     UNIT         ?PR?REARRANGESCHEDULE?LUXP_SCHEDULE
            CODE    E733H     0060H     UNIT         ?PR?_SAVEDATAENDHANDLER?LUXP_STORING
            CODE    E793H     005FH     UNIT         ?PR?GETHK?LUXP_TASK
            CODE    E7F2H     005EH     UNIT         ?PR?_SD_CRC7UPDATE?LUXP_SD
            CODE    E850H     005EH     UNIT         ?PR?_SDWRITESINGLEBLOCK?LUXP_SD
            CODE    E8AEH     005CH     UNIT         ?PR?RESETSATELLITE?LUXP_EXTRA
            CODE    E90AH     005CH     UNIT         ?PR?_SPI0_GETPUT?LUXP_SD
            CODE    E966H     005BH     UNIT         ?PR?_ADCSGETDATA?LUXP_ADCS
            CODE    E9C1H     005BH     UNIT         ?PR?_RESETTASK?LUXP_ADD
            CODE    EA1CH     005BH     UNIT         ?PR?_SCRIPTLINEREADRETRYCOUNTER?LUXP_TASK
            CODE    EA77H     005AH     UNIT         ?PR?_PWRSSETTKOUTPUT?LUXP_PWRS
            CODE    EAD1H     005AH     UNIT         ?PR?SCHEDULELOGDATA?LUXP_SCHEDULE
            CODE    EB2BH     0059H     UNIT         ?PR?_ANTENNAI2CPAR?LUXP_ANTENNA
            CODE    EB84H     0058H     UNIT         ?PR?_PWRSSETSINGLEOUTPUT?LUXP_PWRS
            CODE    EBDCH     0058H     UNIT         ?PR?_PWRSSETPVVOLT?LUXP_PWRS
            CODE    EC34H     0058H     UNIT         ?PR?STOREANTENNA?LUXP_STORING
            CODE    EC8CH     0057H     UNIT         ?PR?LUXP_DEBUGGING
            CODE    ECE3H     0057H     UNIT         ?PR?READMCUTEMPERATURE?LUXP_EXTRA
            CODE    ED3AH     0057H     UNIT         ?PR?_GROUNDUPDATETIME?LUXP_GROUND
            CODE    ED91H     0057H     UNIT         ?PR?_SPI0_PUTCHARS?LUXP_SD
            CODE    EDE8H     0056H     UNIT         ?PR?_ADCSSETMODE?LUXP_ADCS
            CODE    EE3EH     0055H     UNIT         ?PR?_SCRIPTLINEREADTIMERNO?LUXP_TASK
            CODE    EE93H     0053H     UNIT         ?PR?GROUNDSTARTCLAIMBEACON?LUXP_GROUND
            CODE    EEE6H     0052H     UNIT         ?PR?GROUNDTERMINATEGROUNDPASS?LUXP_GROUND
            CODE    EF38H     0052H     UNIT         ?PR?SCHEDULESUNTRACKING?LUXP_SCHEDULE
            CODE    EF8AH     0051H     UNIT         ?PR?INITSYSTEM?LUXP_INIT
            CODE    EFDBH     004FH     UNIT         ?PR?_SD_READBLOCKDATA?LUXP_SD
            CODE    F02AH     004FH     UNIT         ?PR?_SDERASESINGLEBLOCK?LUXP_SD
            CODE    F079H     004EH     UNIT         ?PR?_SCHEDULETURNONADCS?LUXP_SCHEDULE
            CODE    F0C7H     004DH     UNIT         ?PR?_USHORT2ULONG?LUXP_ADD
            CODE    F114H     004DH     UNIT         ?PR?_SPI0_PUTGETCHARS?LUXP_SD
            CODE    F161H     004AH     UNIT         ?PR?_PWRSSETSOCLIMIT?LUXP_PWRS
            CODE    F1ABH     004AH     UNIT         ?PR?_SD_WRITEBLOCKDATA?LUXP_SD
            CODE    F1F5H     0049H     UNIT         ?PR?INITTASKSCRIPT?LUXP_INIT
            CODE    F23EH     0046H     UNIT         ?PR?_INSERTARRAYTOSHORTGC?LUXP_ADD
            CODE    F284H     0045H     UNIT         ?PR?_ADCSTOGGLEIMU?LUXP_ADCS
            CODE    F2C9H     0045H     UNIT         ?PR?RESETBODYRATEVALUE?LUXP_ADD
            CODE    F30EH     0044H     UNIT         ?PR?_SCRIPTLINERELEASETIMER?LUXP_TASK
            CODE    F352H     0043H     UNIT         ?PR?_SCHEDULERESETPWRSOBDH?LUXP_SCHEDULE
            CODE    F395H     0042H     UNIT         ?PR?STOREHK?LUXP_TASK
            CODE    F3D7H     0028H     UNIT         ?PR?SENDACKMSG?LUXP_SEND
                    F3FFH     0001H                  *** GAP ***
            CODE    F400H     0044H     PAGE         ?BANK?SWITCH
            CODE    F444H     0041H     UNIT         ?PR?_SDREADSINGLEBLOCK?LUXP_SD
            CODE    F485H     0041H     UNIT         ?PR?STORERTC?LUXP_STORING
            CODE    F4C6H     0040H     UNIT         ?PR?INITA2DCONVERTER?LUXP_INIT
            CODE    F506H     003FH     UNIT         ?PR?SAVESTATE?LUXP_STORING
            CODE    F545H     003FH     UNIT         ?PR?CONVERTSATTIMEFROMRTCTOSEC?LUXP_TIME
            CODE    F584H     003EH     UNIT         ?PR?_CONVERTA2D?LUXP_EXTRA
            CODE    F5C2H     003EH     UNIT         ?PR?_PWRSUPDATEBATTERYHEATER?LUXP_PWRS
            CODE    F600H     003EH     UNIT         ?PR?_PWRSSETOUTPUT?LUXP_PWRS
            CODE    F63EH     003EH     UNIT         ?PR?_PWRSSETMPPTMODE?LUXP_PWRS
            CODE    F67CH     003EH     UNIT         ?PR?_PWRSINITEEPROM?LUXP_PWRS
            CODE    F6BAH     003EH     UNIT         ?PR?_PWRSSETSDC?LUXP_PWRS
            CODE    F6F8H     003EH     UNIT         ?PR?_SCHEDULESINGLECHANNEL?LUXP_SCHEDULE
BL51 BANKED LINKER/LOCATER V6.22                                                      01/09/2014  12:21:23  PAGE 6


            CODE    F736H     003DH     UNIT         ?PR?_CHECKSCRIPTLINEBIT?LUXP_TASK
            CODE    F773H     003CH     UNIT         ?PR?_ADCSSETSSTHRESHOLD?LUXP_ADCS
            CODE    F7AFH     003CH     UNIT         ?PR?_ADCSSETDGAIN?LUXP_ADCS
            CODE    F7EBH     003CH     UNIT         ?PR?_PWRSRESETPWRS?LUXP_PWRS
            CODE    F827H     003CH     UNIT         ?PR?_RTCGETTIME?LUXP_RTC
            CODE    F863H     003CH     UNIT         ?PR?INITLOGDATA?LUXP_TASK
            CODE    F89FH     003BH     UNIT         ?PR?_PWRSRESETOBDH?LUXP_PWRS
            CODE    F8DAH     003BH     UNIT         ?PR?_SCRIPTLINECLAIMTIMER?LUXP_TASK
            CODE    F915H     0039H     UNIT         ?PR?_CHECKENDDAYOFTHEMONTH?LUXP_TIME
            CODE    F94EH     0038H     UNIT         ?PR?ENTERM3?LUXP_MAIN
            CODE    F986H     0037H     UNIT         ?PR?INITTIMER1?LUXP_INIT
            CODE    F9BDH     0036H     UNIT         ?PR?_ENTERSCRIPTLINE?LUXP_TASK
            CODE    F9F3H     0035H     UNIT         ?PR?_FASTRECORDTIMERVALUE?LUXP_TIME
            CODE    FA28H     0034H     UNIT         ?PR?SD_ERASEBLOCKDATA?LUXP_SD
            CODE    FA5CH     0033H     UNIT         ?PR?_SCHEDULEMISSIONMODE?LUXP_SCHEDULE
            CODE    FA8FH     0033H     UNIT         ?PR?_SD_GETUNTIL?LUXP_SD
            CODE    FAC2H     0031H     UNIT         ?PR?_INSERTSHORTTOARRAY?LUXP_ADD
            CODE    FAF3H     0031H     UNIT         ?PR?INITTIMER2?LUXP_INIT
            CODE    FB24H     0031H     UNIT         ?PR?ENTERGROUNDPASS?LUXP_MAIN
            CODE    FB55H     0031H     UNIT         ?PR?I2CCHECKLINE?LUXP_RW
            CODE    FB86H     0030H     UNIT         ?PR?_EVENTHANDLERUPDATESTATEMODE?LUXP_CHECK
            CODE    FBB6H     0030H     UNIT         ?PR?INITBLOCKPOINTER?LUXP_INIT
            CODE    FBE6H     0030H     UNIT         ?PR?_SD_CRC7ROTATE?LUXP_SD
            CODE    FC16H     002FH     UNIT         ?PR?_GROUNDENTERMISSIONMODE?LUXP_GROUND
            CODE    FC45H     002FH     UNIT         ?PR?INITTIMER4?LUXP_INIT
            CODE    FC74H     002FH     UNIT         ?PR?GETSSCP?LUXP_TASK
            CODE    FCA3H     002EH     UNIT         ?PR?_SCRIPTLINERELEASERETRYCOUNTER?LUXP_TASK
            CODE    FCD1H     002DH     UNIT         ?PR?_INSERTCRC16?LUXP_ADD
            CODE    FCFEH     002CH     UNIT         ?PR?INITPORT?LUXP_INIT
            CODE    FD2AH     002CH     UNIT         ?PR?INITTIMER3?LUXP_INIT
            CODE    FD56H     002CH     UNIT         ?PR?_SCRIPTLINECLAIMRETRYCOUNTER?LUXP_TASK
            CODE    FD82H     002BH     UNIT         ?PR?_INSERTARRAYTOFLOATGC?LUXP_ADD
            CODE    FDADH     002BH     UNIT         ?PR?_INSERTARRAYTOLONGGC?LUXP_ADD
            CODE    FDD8H     002BH     UNIT         ?PR?_ADDCHECKSUMBYTES16?LUXP_CHECK
            CODE    FE03H     002BH     UNIT         ?PR?_SCRIPTSPACERELEASEALLTIMER?LUXP_TASK
            CODE    FE2EH     002AH     UNIT         ?PR?_I2CWAITREAD?LUXP_RW
            CODE    FE58H     0028H     UNIT         ?PR?_SCRIPTSPACESTARTALLTIMER?LUXP_TASK
            CODE    FE80H     0028H     UNIT         ?PR?_SCRIPTSPACESTOPALLTIMER?LUXP_TASK
            CODE    FEA8H     0028H     UNIT         ?PR?_SCRIPTSPACERELEASEALLRETRYCOUNTER?LUXP_TASK
            CODE    FED0H     0028H     UNIT         ?PR?_WAITS?LUXP_TIME
            CODE    FEF8H     0028H     UNIT         ?PR?GETSATTIMEFROMRTCINSEC?LUXP_TIME
            CODE    FF20H     0027H     UNIT         ?PR?_UCHAR2ULONG?LUXP_ADD
            CODE    FF47H     0027H     UNIT         ?PR?_CHECKSUM_ROTATE?LUXP_CHECK
            CODE    FF6EH     0027H     UNIT         ?PR?INITSMBUS?LUXP_INIT
            CODE    FF95H     0025H     UNIT         ?PR?_SCHEDULEOFFALLSUBSYSTEMS?LUXP_SCHEDULE
            CODE    FFBAH     0024H     UNIT         ?PR?ISRSPI?LUXP_INTERRUPTS
            CODE    FFDEH     0022H     UNIT         ?PR?_SCRIPTLINESTARTTIMER?LUXP_TASK



OVERLAY MAP OF MODULE:   LUX-P(1.1) (?C_STARTUP)


SEGMENT                                             BIT_GROUP          XDATA_GROUP
  +--> CALLED SEGMENT                            START    LENGTH     START    LENGTH
------------------------------------------------------------------------------------
?C_C51STARTUP                                    -----    -----      -----    -----
BL51 BANKED LINKER/LOCATER V6.22                                                      01/09/2014  12:21:23  PAGE 7


  +--> ?PR?MAIN?LUXP_MAIN
  +--> ?C_INITSEG

?PR?MAIN?LUXP_MAIN                               -----    -----      1A7DH    000DH
  +--> ?PR?LUXP_MAIN
  +--> ?PR?INITSYSTEM?LUXP_INIT
  +--> ?PR?INITSD?LUXP_SD
  +--> ?PR?_WAITS?LUXP_TIME
  +--> ?PR?LOADSTATE?LUXP_STORING
  +--> ?PR?_EVENTHANDLER?LUXP_CHECK
  +--> ?PR?SAVESTATE?LUXP_STORING
  +--> ?PR?_SAVEDATAPROTECTED?LUXP_STORING
  +--> ?PR?CLEARUARTBUFFER?LUXP_ADD
  +--> ?PR?CLEARCALLTASKBUFFER?LUXP_ADD
  +--> ?PR?_SETTASKFLAGS?LUXP_TASK
  +--> ?PR?SATELLITECONTROLMODULE?LUXP_MAIN
  +--> ?PR?_COMMANDCONTROLMODULE?LUXP_MAIN
  +--> ?PR?_INSERTCRC16?LUXP_ADD
  +--> ?PR?_SENDTOUART1?LUXP_SEND
  +--> ?PR?SATELLITESCHEDULEHANDLER?LUXP_MAIN
  +--> ?PR?_SCRIPTSPACESTOPALLTIMER?LUXP_TASK
  +--> ?PR?_SCRIPTSPACESTARTALLTIMER?LUXP_TASK
  +--> ?PR?_TASKMODULE?LUXP_TASK

?PR?INITSYSTEM?LUXP_INIT                         -----    -----      -----    -----
  +--> ?PR?DISABLEWDT?LUXP_INIT
  +--> ?PR?INITOSCILLATOR?LUXP_INIT
  +--> ?PR?INITPORT?LUXP_INIT
  +--> ?PR?INITEMIF?LUXP_INIT
  +--> ?PR?INITSPI?LUXP_INIT
  +--> ?PR?INITUART0?LUXP_INIT
  +--> ?PR?INITUART1?LUXP_INIT
  +--> ?PR?INITSMBUS?LUXP_INIT
  +--> ?PR?INITTIMER1?LUXP_INIT
  +--> ?PR?INITTIMER2?LUXP_INIT
  +--> ?PR?INITTIMER3?LUXP_INIT
  +--> ?PR?INITTIMER4?LUXP_INIT
  +--> ?PR?INITA2DCONVERTER?LUXP_INIT
  +--> ?PR?_WAITS?LUXP_TIME
  +--> ?PR?INITSATELLITEDATE?LUXP_INIT
  +--> ?PR?INITSATELLITETIME?LUXP_INIT
  +--> ?PR?INITSATELLITESTATE?LUXP_INIT
  +--> ?PR?INITCRC?LUXP_INIT
  +--> ?PR?INITBLOCKPOINTER?LUXP_INIT
  +--> ?PR?INITOBDHPARAMETERS?LUXP_INIT
  +--> ?PR?INITTASKFLAGS?LUXP_INIT
  +--> ?PR?INITTASKSCRIPT?LUXP_INIT
  +--> ?PR?INITSCHEDULER?LUXP_INIT
  +--> ?PR?INITSD?LUXP_SD

?PR?INITSPI?LUXP_INIT                            -----    -----      1A8AH    0001H
  +--> ?PR?LUXP_INIT

?PR?INITSMBUS?LUXP_INIT                          -----    -----      1A8AH    0001H
  +--> ?PR?LUXP_INIT

?PR?INITTIMER1?LUXP_INIT                         -----    -----      1A8AH    0001H
BL51 BANKED LINKER/LOCATER V6.22                                                      01/09/2014  12:21:23  PAGE 8


  +--> ?PR?LUXP_INIT

?PR?INITTIMER2?LUXP_INIT                         -----    -----      1A8AH    0001H
  +--> ?PR?LUXP_INIT

?PR?INITTIMER3?LUXP_INIT                         -----    -----      1A8AH    0001H
  +--> ?PR?LUXP_INIT

?PR?INITTIMER4?LUXP_INIT                         -----    -----      1A8AH    0001H
  +--> ?PR?LUXP_INIT

?PR?INITA2DCONVERTER?LUXP_INIT                   -----    -----      1A8AH    0001H
  +--> ?PR?LUXP_INIT

?PR?_WAITS?LUXP_TIME                             -----    -----      1AB7H    0001H
  +--> ?PR?_WAITMS?LUXP_TIME

?PR?_WAITMS?LUXP_TIME                            -----    -----      1AB8H    0001H
  +--> ?PR?_WAITTENTHMS?LUXP_TIME

?PR?_WAITTENTHMS?LUXP_TIME                       -----    -----      1AD9H    0006H
  +--> ?PR?LUXP_TIME

?PR?INITSATELLITEDATE?LUXP_INIT                  -----    -----      -----    -----
  +--> ?PR?_TWODEC2ONEHEX?LUXP_ADD

?PR?_TWODEC2ONEHEX?LUXP_ADD                      -----    -----      -----    -----
  +--> ?PR?LUXP_ADD

?PR?INITSATELLITETIME?LUXP_INIT                  -----    -----      -----    -----
  +--> ?PR?LUXP_INIT
  +--> ?PR?_RTCDATEINIT?LUXP_RTC

?PR?_RTCDATEINIT?LUXP_RTC                        -----    -----      1AB7H    0003H
  +--> ?PR?LUXP_RTC
  +--> ?PR?STARTTIMING?LUXP_TIME
  +--> ?PR?_ONEHEX2TWODEC?LUXP_ADD
  +--> ?PR?I2CWRITE?LUXP_RW
  +--> ?PR?ENDTIMING?LUXP_TIME

?PR?STARTTIMING?LUXP_TIME                        -----    -----      -----    -----
  +--> ?PR?_FASTRECORDTIMERVALUE?LUXP_TIME

?PR?_FASTRECORDTIMERVALUE?LUXP_TIME              -----    -----      -----    -----
  +--> ?PR?LUXP_TIME

?PR?_ONEHEX2TWODEC?LUXP_ADD                      -----    -----      -----    -----
  +--> ?PR?LUXP_ADD

?PR?I2CWRITE?LUXP_RW                             -----    -----      1AD6H    0001H
  +--> ?PR?LUXP_RW
  +--> ?PR?I2CCHECKLINE?LUXP_RW
  +--> ?PR?I2CTRANSFER?LUXP_RW

?PR?I2CCHECKLINE?LUXP_RW                         -----    -----      -----    -----
  +--> ?PR?LUXP_RW

BL51 BANKED LINKER/LOCATER V6.22                                                      01/09/2014  12:21:23  PAGE 9


?PR?I2CTRANSFER?LUXP_RW                          -----    -----      -----    -----
  +--> ?PR?LUXP_RW

?PR?ENDTIMING?LUXP_TIME                          -----    -----      -----    -----
  +--> ?PR?_FASTRECORDTIMERVALUE?LUXP_TIME

?PR?INITSATELLITESTATE?LUXP_INIT                 -----    -----      -----    -----
  +--> ?PR?LUXP_INIT

?PR?INITCRC?LUXP_INIT                            -----    -----      1A8AH    000DH
  +--> ?CO?LUXP_INIT
  +--> ?PR?LUXP_INIT

?PR?INITOBDHPARAMETERS?LUXP_INIT                 -----    -----      -----    -----
  +--> ?PR?LUXP_INIT

?PR?INITTASKFLAGS?LUXP_INIT                      -----    -----      1A8AH    0001H
  +--> ?PR?LUXP_INIT
  +--> ?PR?_RESETTASK?LUXP_ADD

?PR?_RESETTASK?LUXP_ADD                          -----    -----      -----    -----
  +--> ?PR?LUXP_ADD

?PR?INITTASKSCRIPT?LUXP_INIT                     -----    -----      1AB7H    0001H
  +--> ?PR?LUXP_INIT
  +--> ?PR?INITGETHKSCRIPT?LUXP_INIT
  +--> ?PR?INITDEPLOYANTENNASCRIPT?LUXP_INIT
  +--> ?PR?INITLOGSTDATASCRIPT?LUXP_INIT
  +--> ?PR?INITTESTTKSCRIPT?LUXP_INIT

?PR?INITGETHKSCRIPT?LUXP_INIT                    -----    -----      1AB8H    0002H
  +--> ?PR?LUXP_INIT
  +--> ?PR?_ENTERSCRIPTLINE?LUXP_TASK

?PR?_ENTERSCRIPTLINE?LUXP_TASK                   -----    -----      1ABAH    0006H
  +--> ?PR?LUXP_TASK

?PR?INITDEPLOYANTENNASCRIPT?LUXP_INIT            -----    -----      1AB8H    0002H
  +--> ?PR?LUXP_INIT
  +--> ?PR?_ENTERSCRIPTLINE?LUXP_TASK

?PR?INITLOGSTDATASCRIPT?LUXP_INIT                -----    -----      1AB8H    0002H
  +--> ?PR?LUXP_INIT
  +--> ?PR?_ENTERSCRIPTLINE?LUXP_TASK

?PR?INITTESTTKSCRIPT?LUXP_INIT                   -----    -----      1AB8H    0002H
  +--> ?PR?LUXP_INIT
  +--> ?PR?_ENTERSCRIPTLINE?LUXP_TASK

?PR?INITSCHEDULER?LUXP_INIT                      -----    -----      -----    -----
  +--> ?PR?LUXP_INIT

?PR?INITSD?LUXP_SD                               -----    -----      1AFCH    000CH
  +--> ?PR?_SD_SENDCOMMAND?LUXP_SD
  +--> ?PR?LUXP_SD
  +--> ?PR?_SPI0_PUTCHARS?LUXP_SD
  +--> ?PR?_SD_COMMANDUNTIL?LUXP_SD
BL51 BANKED LINKER/LOCATER V6.22                                                      01/09/2014  12:21:23  PAGE 10



?PR?_SD_SENDCOMMAND?LUXP_SD                      -----    -----      1B12H    0011H
  +--> ?PR?_SD_CRC7UPDATE?LUXP_SD
  +--> ?PR?_SD_CRC7PUBLISH?LUXP_SD
  +--> ?PR?_SPI0_PUTCHARS?LUXP_SD
  +--> ?PR?LUXP_SD
  +--> ?PR?_SD_GETUNTILNOT?LUXP_SD
  +--> ?PR?SD_SPIREADBYTE?LUXP_SD

?PR?_SD_CRC7UPDATE?LUXP_SD                       -----    -----      1B23H    000BH
  +--> ?PR?LUXP_SD
  +--> ?PR?_SD_CRC7ROTATE?LUXP_SD

?PR?_SD_CRC7PUBLISH?LUXP_SD                      -----    -----      -----    -----
  +--> ?PR?_SD_CRC7ROTATE?LUXP_SD

?PR?_SPI0_PUTCHARS?LUXP_SD                       -----    -----      1B23H    0009H
  +--> ?PR?LUXP_SD
  +--> ?PR?_SPI0_GETPUT?LUXP_SD

?PR?_SPI0_GETPUT?LUXP_SD                         -----    -----      1B37H    0003H
  +--> ?PR?LUXP_SD

?PR?_SD_GETUNTILNOT?LUXP_SD                      -----    -----      1B23H    000BH
  +--> ?PR?SD_SPIREADBYTE?LUXP_SD
  +--> ?PR?LUXP_SD
  +--> ?PR?_WAITUS?LUXP_TIME

?PR?SD_SPIREADBYTE?LUXP_SD                       -----    -----      1B2EH    0001H
  +--> ?PR?_SPI0_PUTGETCHARS?LUXP_SD

?PR?_SPI0_PUTGETCHARS?LUXP_SD                    -----    -----      1B2FH    0008H
  +--> ?PR?LUXP_SD
  +--> ?PR?_SPI0_GETPUT?LUXP_SD

?PR?_WAITUS?LUXP_TIME                            -----    -----      1B2EH    0006H
  +--> ?PR?LUXP_TIME

?PR?_SD_COMMANDUNTIL?LUXP_SD                     -----    -----      1B08H    000AH
  +--> ?PR?_SD_SENDCOMMAND?LUXP_SD
  +--> ?PR?_WAITUS?LUXP_TIME

?PR?LOADSTATE?LUXP_STORING                       -----    -----      1AB7H    0003H
  +--> ?PR?_LOADDATAPROTECTED?LUXP_STORING
  +--> ?PR?LUXP_STORING
  +--> ?PR?_UPDATEOBDHESSENTIAL?LUXP_STORING
  +--> ?PR?_LOADSCHEDULE?LUXP_STORING
  +--> ?PR?_LOADSCRIPTSPACE?LUXP_STORING
  +--> ?PR?_EVENTHANDLER?LUXP_CHECK

?PR?_LOADDATAPROTECTED?LUXP_STORING              -----    -----      1AC5H    000DH
  +--> ?PR?LUXP_STORING
  +--> ?PR?INITSDDATA?LUXP_STORING
  +--> ?PR?_SDREADSINGLEBLOCK?LUXP_SD
  +--> ?PR?_CHECKCRC16MATCH?LUXP_CHECK

?PR?INITSDDATA?LUXP_STORING                      -----    -----      1ADAH    0002H
BL51 BANKED LINKER/LOCATER V6.22                                                      01/09/2014  12:21:23  PAGE 11


  +--> ?PR?LUXP_STORING

?PR?_SDREADSINGLEBLOCK?LUXP_SD                   -----    -----      1AD2H    0004H
  +--> ?PR?INITSD?LUXP_SD
  +--> ?PR?LUXP_SD
  +--> ?PR?_SD_COMMANDUNTIL?LUXP_SD
  +--> ?PR?_SD_GETUNTIL?LUXP_SD
  +--> ?PR?_SD_READBLOCKDATA?LUXP_SD

?PR?_SD_GETUNTIL?LUXP_SD                         -----    -----      1AFCH    0003H
  +--> ?PR?SD_SPIREADBYTE?LUXP_SD
  +--> ?PR?_WAITUS?LUXP_TIME

?PR?_SD_READBLOCKDATA?LUXP_SD                    -----    -----      1AD6H    0007H
  +--> ?PR?LUXP_SD
  +--> ?PR?_SPI0_PUTGETCHARS?LUXP_SD
  +--> ?PR?SD_SPIREADBYTE?LUXP_SD

?PR?_CHECKCRC16MATCH?LUXP_CHECK                  -----    -----      1AD2H    0009H
  +--> ?PR?LUXP_CHECK
  +--> ?PR?_CREATECHECKSUM?LUXP_CHECK

?PR?_CREATECHECKSUM?LUXP_CHECK                   -----    -----      1AF7H    0008H
  +--> ?PR?LUXP_CHECK
  +--> ?PR?_CHECKSUM_UPDATE?LUXP_CHECK
  +--> ?PR?_CHECKSUM_PUBLISH?LUXP_CHECK

?PR?_CHECKSUM_UPDATE?LUXP_CHECK                  -----    -----      1AFFH    000CH
  +--> ?PR?LUXP_CHECK
  +--> ?PR?_CHECKSUM_ROTATE?LUXP_CHECK

?PR?_CHECKSUM_PUBLISH?LUXP_CHECK                 -----    -----      -----    -----
  +--> ?PR?_CHECKSUM_ROTATE?LUXP_CHECK

?PR?_UPDATEOBDHESSENTIAL?LUXP_STORING            -----    -----      1ABAH    0003H
  +--> ?PR?LUXP_STORING
  +--> ?PR?_STOREPWRS?LUXP_STORING
  +--> ?PR?_STOREADCS?LUXP_STORING
  +--> ?PR?_UPDATEOBDHSSCP?LUXP_STORING
  +--> ?PR?_UPDATEOBDHSELECTEDHK?LUXP_STORING
  +--> ?PR?_UPDATEOBDHSELECTEDDATA?LUXP_STORING
  +--> ?PR?_UPDATEOBDHBP?LUXP_STORING
  +--> ?PR?_INSERTARRAYTOSHORTGC?LUXP_ADD

?PR?_STOREPWRS?LUXP_STORING                      -----    -----      1ABDH    0004H
  +--> ?PR?LUXP_STORING
  +--> ?PR?_INSERTARRAYTOSHORTGC?LUXP_ADD

?PR?_INSERTARRAYTOSHORTGC?LUXP_ADD               -----    -----      1AC5H    0003H
  +--> ?PR?LUXP_ADD

?PR?_STOREADCS?LUXP_STORING                      -----    -----      1ABDH    0004H
  +--> ?PR?LUXP_STORING
  +--> ?PR?_INSERTARRAYTOSHORTGC?LUXP_ADD
  +--> ?PR?_INSERTARRAYTOFLOATGC?LUXP_ADD
  +--> ?PR?_INSERTARRAYTOLONGGC?LUXP_ADD

BL51 BANKED LINKER/LOCATER V6.22                                                      01/09/2014  12:21:23  PAGE 12


?PR?_INSERTARRAYTOFLOATGC?LUXP_ADD               -----    -----      1AC2H    0003H
  +--> ?PR?LUXP_ADD
  +--> ?PR?_UCHAR2FLOAT?LUXP_ADD

?PR?_UCHAR2FLOAT?LUXP_ADD                        -----    -----      1AC5H    0004H
  +--> ?PR?_UCHAR2ULONG?LUXP_ADD

?PR?_UCHAR2ULONG?LUXP_ADD                        -----    -----      1B0DH    0004H
  +--> ?PR?LUXP_ADD
  +--> ?PR?_USHORT2ULONG?LUXP_ADD

?PR?_USHORT2ULONG?LUXP_ADD                       -----    -----      1B11H    0006H
  +--> ?PR?LUXP_ADD

?PR?_INSERTARRAYTOLONGGC?LUXP_ADD                -----    -----      1AC5H    0003H
  +--> ?PR?LUXP_ADD
  +--> ?PR?_UCHAR2ULONG?LUXP_ADD

?PR?_UPDATEOBDHSSCP?LUXP_STORING                 -----    -----      1ABDH    0005H
  +--> ?PR?LUXP_STORING
  +--> ?PR?_INSERTARRAYTOSHORTGC?LUXP_ADD
  +--> ?PR?_INSERTARRAYTOLONGGC?LUXP_ADD

?PR?_UPDATEOBDHSELECTEDHK?LUXP_STORING           -----    -----      1ABDH    0003H
  +--> ?PR?LUXP_STORING
  +--> ?PR?_INSERTARRAYTOLONGGC?LUXP_ADD
  +--> ?PR?_INSERTARRAYTOSHORTGC?LUXP_ADD
  +--> ?PR?ENTERM5?LUXP_MAIN
  +--> ?PR?ENTERM3?LUXP_MAIN

?PR?ENTERM5?LUXP_MAIN                            -----    -----      -----    -----
  +--> ?PR?LUXP_MAIN
  +--> ?PR?_EVENTHANDLERUPDATESTATEMODE?LUXP...

?PR?_EVENTHANDLERUPDATESTATEMODE?LUXP...         -----    -----      -----    -----
  +--> ?PR?_EVENTHANDLER?LUXP_CHECK

?PR?_EVENTHANDLER?LUXP_CHECK                     -----    -----      1AC8H    000BH
  +--> ?PR?LUXP_CHECK
  +--> ?PR?_INSERTLONGTOARRAY?LUXP_ADD
  +--> ?PR?_SAVEDATAPROTECTED?LUXP_STORING

?PR?_INSERTLONGTOARRAY?LUXP_ADD                  -----    -----      1B0DH    0009H
  +--> ?PR?LUXP_ADD

?PR?_SAVEDATAPROTECTED?LUXP_STORING              -----    -----      1AD3H    0007H
  +--> ?PR?LUXP_STORING
  +--> ?PR?INITSDDATA?LUXP_STORING
  +--> ?PR?_SAVEDATA?LUXP_STORING
  +--> ?PR?_SAVEDATAENDHANDLER?LUXP_STORING

?PR?_SAVEDATA?LUXP_STORING                       -----    -----      1ADAH    0012H
  +--> ?PR?LUXP_STORING
  +--> ?PR?_FILLDATA?LUXP_ADD
  +--> ?PR?INITSD?LUXP_SD
  +--> ?PR?_STOREINSDCARD?LUXP_STORING

BL51 BANKED LINKER/LOCATER V6.22                                                      01/09/2014  12:21:23  PAGE 13


?PR?_FILLDATA?LUXP_ADD                           -----    -----      1AF2H    001BH
  +--> ?PR?LUXP_ADD
  +--> ?PR?_INSERTFLOATTOARRAY?LUXP_ADD
  +--> ?PR?_INSERTLONGTOARRAY?LUXP_ADD
  +--> ?PR?_UCHAR2ULONG?LUXP_ADD
  +--> ?PR?_INSERTSHORTTOARRAY?LUXP_ADD

?PR?_INSERTFLOATTOARRAY?LUXP_ADD                 -----    -----      1B0DH    0009H
  +--> ?PR?LUXP_ADD
  +--> ?PR?_FLOAT2UHHCHAR?LUXP_ADD
  +--> ?PR?_FLOAT2UHLCHAR?LUXP_ADD
  +--> ?PR?_FLOAT2ULHCHAR?LUXP_ADD
  +--> ?PR?_FLOAT2ULLCHAR?LUXP_ADD

?PR?_FLOAT2UHHCHAR?LUXP_ADD                      -----    -----      1B16H    0004H

?PR?_FLOAT2UHLCHAR?LUXP_ADD                      -----    -----      1B16H    0004H

?PR?_FLOAT2ULHCHAR?LUXP_ADD                      -----    -----      1B16H    0004H
  +--> ?PR?LUXP_ADD

?PR?_FLOAT2ULLCHAR?LUXP_ADD                      -----    -----      1B16H    0004H
  +--> ?PR?LUXP_ADD

?PR?_INSERTSHORTTOARRAY?LUXP_ADD                 -----    -----      1B0DH    0007H
  +--> ?PR?LUXP_ADD

?PR?_STOREINSDCARD?LUXP_STORING                  -----    -----      1AECH    0006H
  +--> ?PR?LUXP_STORING
  +--> ?PR?_FILLDATA?LUXP_ADD
  +--> ?PR?_INSERTCRC16?LUXP_ADD
  +--> ?PR?_SDWRITESINGLEBLOCK?LUXP_SD

?PR?_INSERTCRC16?LUXP_ADD                        -----    -----      1AF2H    0005H
  +--> ?PR?LUXP_ADD
  +--> ?PR?_CREATECHECKSUM?LUXP_CHECK
  +--> ?PR?_ADDCHECKSUMBYTES16?LUXP_CHECK

?PR?_ADDCHECKSUMBYTES16?LUXP_CHECK               -----    -----      1AF7H    0007H
  +--> ?PR?LUXP_CHECK

?PR?_SDWRITESINGLEBLOCK?LUXP_SD                  -----    -----      1AF2H    000AH
  +--> ?PR?LUXP_SD
  +--> ?PR?INITSD?LUXP_SD
  +--> ?PR?_SD_COMMANDUNTIL?LUXP_SD
  +--> ?PR?_SD_WRITEBLOCKDATA?LUXP_SD
  +--> ?PR?_SD_GETUNTIL?LUXP_SD
  +--> ?PR?_SD_GETUNTILNOT?LUXP_SD
  +--> ?PR?_SD_SPIWRITEBYTE?LUXP_SD

?PR?_SD_WRITEBLOCKDATA?LUXP_SD                   -----    -----      1AFCH    0007H
  +--> ?PR?LUXP_SD
  +--> ?PR?_SD_SPIWRITEBYTE?LUXP_SD
  +--> ?PR?_SPI0_PUTCHARS?LUXP_SD

?PR?_SD_SPIWRITEBYTE?LUXP_SD                     -----    -----      1B03H    0001H
  +--> ?PR?_SPI0_PUTGETCHARS?LUXP_SD
BL51 BANKED LINKER/LOCATER V6.22                                                      01/09/2014  12:21:23  PAGE 14



?PR?_SAVEDATAENDHANDLER?LUXP_STORING             -----    -----      1ADAH    0005H
  +--> ?PR?LUXP_STORING

?PR?ENTERM3?LUXP_MAIN                            -----    -----      -----    -----
  +--> ?PR?LUXP_MAIN
  +--> ?PR?_SCHEDULESINGLECHANNEL?LUXP_SCHEDULE
  +--> ?PR?REENABLEBRH?LUXP_MAIN
  +--> ?PR?_EVENTHANDLERUPDATESTATEMODE?LUXP...

?PR?_SCHEDULESINGLECHANNEL?LUXP_SCHEDULE         -----    -----      1AC0H    0006H
  +--> ?PR?LUXP_SCHEDULE
  +--> ?PR?ADDNEWSCHEDULE?LUXP_SCHEDULE

?PR?ADDNEWSCHEDULE?LUXP_SCHEDULE                 -----    -----      1AC6H    0002H
  +--> ?PR?LUXP_SCHEDULE
  +--> ?PR?_EVENTHANDLER?LUXP_CHECK

?PR?REENABLEBRH?LUXP_MAIN                        -----    -----      -----    -----
  +--> ?PR?LUXP_MAIN
  +--> ?PR?RESETBRHENDFLAGS?LUXP_MAIN
  +--> ?PR?RESETBODYRATEVALUE?LUXP_ADD

?PR?_UPDATEOBDHSELECTEDDATA?LUXP_STORING         -----    -----      1ABDH    0005H
  +--> ?PR?LUXP_STORING
  +--> ?PR?_INSERTARRAYTOLONGGC?LUXP_ADD
  +--> ?PR?_INSERTARRAYTOSHORTGC?LUXP_ADD
  +--> ?PR?_INSERTARRAYTOFLOATGC?LUXP_ADD

?PR?_UPDATEOBDHBP?LUXP_STORING                   -----    -----      1ABDH    0003H
  +--> ?PR?LUXP_STORING
  +--> ?PR?_INSERTARRAYTOLONGGC?LUXP_ADD

?PR?_LOADSCHEDULE?LUXP_STORING                   -----    -----      1ABAH    000BH
  +--> ?PR?LUXP_STORING
  +--> ?PR?_LOADDATAPROTECTED?LUXP_STORING
  +--> ?PR?_INSERTARRAYTOLONGGC?LUXP_ADD
  +--> ?PR?_INSERTARRAYTOSHORTGC?LUXP_ADD

?PR?_LOADSCRIPTSPACE?LUXP_STORING                -----    -----      1ABAH    0007H
  +--> ?PR?LUXP_STORING
  +--> ?PR?_LOADDATAPROTECTED?LUXP_STORING

?PR?SAVESTATE?LUXP_STORING                       -----    -----      -----    -----
  +--> ?PR?_SAVEDATAPROTECTED?LUXP_STORING
  +--> ?PR?LUXP_STORING
  +--> ?PR?_EVENTHANDLER?LUXP_CHECK

?PR?_SETTASKFLAGS?LUXP_TASK                      -----    -----      1AB7H    0006H
  +--> ?PR?LUXP_TASK
  +--> ?PR?_SCRIPTLINECLAIMRETRYCOUNTER?LUXP...
  +--> ?PR?_SCRIPTSPACESTARTALLTIMER?LUXP_TASK
  +--> ?PR?_SCRIPTSPACESTOPALLTIMER?LUXP_TASK
  +--> ?PR?_EVENTHANDLER?LUXP_CHECK
  +--> ?PR?_SCRIPTSPACERELEASEALLTIMER?LUXP_...
  +--> ?PR?_SCRIPTSPACERELEASEALLRETRYCOUNTE...
  +--> ?PR?_RESETTASK?LUXP_ADD
BL51 BANKED LINKER/LOCATER V6.22                                                      01/09/2014  12:21:23  PAGE 15



?PR?_SCRIPTLINECLAIMRETRYCOUNTER?LUXP...         -----    -----      1ABDH    0002H
  +--> ?PR?LUXP_TASK
  +--> ?PR?_SCRIPTLINEGETRETRYCOUNTER?LUXP_TASK
  +--> ?PR?_SCRIPTLINEREADRETRYCOUNTER?LUXP_...

?PR?_SCRIPTLINEGETRETRYCOUNTER?LUXP_TASK         -----    -----      1ABFH    0002H
  +--> ?PR?LUXP_TASK
  +--> ?PR?_CHECKSCRIPTLINEBIT?LUXP_TASK

?PR?_SCRIPTLINEREADRETRYCOUNTER?LUXP_...         -----    -----      1ABFH    0002H
  +--> ?PR?LUXP_TASK
  +--> ?PR?_CHECKSCRIPTLINEBIT?LUXP_TASK

?PR?_SCRIPTSPACESTARTALLTIMER?LUXP_TASK          -----    -----      -----    -----
  +--> ?PR?LUXP_TASK
  +--> ?PR?_SCRIPTLINESTARTTIMER?LUXP_TASK

?PR?_SCRIPTLINESTARTTIMER?LUXP_TASK              -----    -----      -----    -----
  +--> ?PR?LUXP_TASK

?PR?_SCRIPTSPACESTOPALLTIMER?LUXP_TASK           -----    -----      -----    -----
  +--> ?PR?LUXP_TASK
  +--> ?PR?_SCRIPTLINESTOPTIMER?LUXP_TASK

?PR?_SCRIPTLINESTOPTIMER?LUXP_TASK               -----    -----      -----    -----
  +--> ?PR?LUXP_TASK

?PR?_SCRIPTSPACERELEASEALLTIMER?LUXP_...         -----    -----      -----    -----
  +--> ?PR?LUXP_TASK
  +--> ?PR?_SCRIPTLINERELEASETIMER?LUXP_TASK

?PR?_SCRIPTLINERELEASETIMER?LUXP_TASK            -----    -----      1ABDH    0001H
  +--> ?PR?LUXP_TASK

?PR?_SCRIPTSPACERELEASEALLRETRYCOUNTE...         -----    -----      -----    -----
  +--> ?PR?LUXP_TASK
  +--> ?PR?_SCRIPTLINERELEASERETRYCOUNTER?LU...

?PR?_SCRIPTLINERELEASERETRYCOUNTER?LU...         -----    -----      -----    -----
  +--> ?PR?LUXP_TASK

?PR?SATELLITECONTROLMODULE?LUXP_MAIN             -----    -----      -----    -----
  +--> ?PR?SATELLITEMODEHANDLER?LUXP_MAIN
  +--> ?PR?PERIPHERALERRORHANDLER?LUXP_MAIN
  +--> ?PR?SYSTEMUPDATEANDMONITOR?LUXP_MAIN
  +--> ?PR?GROUNDSTATIONCOMMANDHANDLER?LUXP_...
  +--> ?PR?BEACONHANDLER?LUXP_MAIN

?PR?SATELLITEMODEHANDLER?LUXP_MAIN               -----    -----      1A8AH    0002H
  +--> ?PR?LUXP_MAIN
  +--> ?PR?_SCHEDULETURNONADCS?LUXP_SCHEDULE
  +--> ?PR?RESETBODYRATEVALUE?LUXP_ADD
  +--> ?PR?BODYRATEHANDLER?LUXP_MAIN
  +--> ?PR?_SETTASKFLAGS?LUXP_TASK
  +--> ?PR?IDLEMODEHANDLER?LUXP_MAIN
  +--> ?PR?ENTERM4?LUXP_MAIN
BL51 BANKED LINKER/LOCATER V6.22                                                      01/09/2014  12:21:23  PAGE 16


  +--> ?PR?ENTERM3?LUXP_MAIN
  +--> ?PR?ENTERM5?LUXP_MAIN
  +--> ?PR?REENABLEBRH?LUXP_MAIN
  +--> ?PR?ENTERM8?LUXP_MAIN
  +--> ?PR?SAFEMODEHANDLER?LUXP_MAIN

?PR?_SCHEDULETURNONADCS?LUXP_SCHEDULE            -----    -----      1AB7H    0004H
  +--> ?PR?LUXP_SCHEDULE
  +--> ?PR?_SCHEDULESINGLECHANNEL?LUXP_SCHEDULE

?PR?BODYRATEHANDLER?LUXP_MAIN                    -----    -----      1A8EH    0002H
  +--> ?PR?LUXP_MAIN
  +--> ?PR?_PWRSGETDATA?LUXP_PWRS
  +--> ?PR?_ADCSSETMODE?LUXP_ADCS

?PR?_PWRSGETDATA?LUXP_PWRS                       -----    -----      1AB7H    0006H
  +--> ?PR?LUXP_PWRS
  +--> ?PR?STARTTIMING?LUXP_TIME
  +--> ?PR?I2CWRITE?LUXP_RW
  +--> ?PR?_I2CWAITREAD?LUXP_RW
  +--> ?PR?_STOREPWRS?LUXP_STORING
  +--> ?PR?ENDTIMING?LUXP_TIME

?PR?_I2CWAITREAD?LUXP_RW                         -----    -----      1AD6H    0003H
  +--> ?PR?_WAITTENTHMS?LUXP_TIME
  +--> ?PR?I2CREAD?LUXP_RW

?PR?I2CREAD?LUXP_RW                              -----    -----      1AD9H    0001H
  +--> ?PR?LUXP_RW
  +--> ?PR?I2CCHECKLINE?LUXP_RW
  +--> ?PR?I2CTRANSFER?LUXP_RW

?PR?_ADCSSETMODE?LUXP_ADCS                       -----    -----      1AB7H    0006H
  +--> ?PR?LUXP_ADCS
  +--> ?PR?STARTTIMING?LUXP_TIME
  +--> ?PR?I2CWRITE?LUXP_RW
  +--> ?PR?ENDTIMING?LUXP_TIME

?PR?IDLEMODEHANDLER?LUXP_MAIN                    -----    -----      1A8CH    0001H
  +--> ?PR?_PWRSGETDATA?LUXP_PWRS
  +--> ?PR?LUXP_MAIN
  +--> ?PR?_PWRSSETSINGLEOUTPUT?LUXP_PWRS

?PR?_PWRSSETSINGLEOUTPUT?LUXP_PWRS               -----    -----      1AB7H    0007H
  +--> ?PR?LUXP_PWRS
  +--> ?PR?STARTTIMING?LUXP_TIME
  +--> ?PR?I2CWRITE?LUXP_RW
  +--> ?PR?ENDTIMING?LUXP_TIME

?PR?ENTERM4?LUXP_MAIN                            -----    -----      -----    -----
  +--> ?PR?LUXP_MAIN
  +--> ?PR?_EVENTHANDLERUPDATESTATEMODE?LUXP...

?PR?ENTERM8?LUXP_MAIN                            -----    -----      -----    -----
  +--> ?PR?LUXP_MAIN
  +--> ?PR?_EVENTHANDLERUPDATESTATEMODE?LUXP...

BL51 BANKED LINKER/LOCATER V6.22                                                      01/09/2014  12:21:23  PAGE 17


?PR?SAFEMODEHANDLER?LUXP_MAIN                    -----    -----      1A8CH    0002H
  +--> ?PR?LUXP_MAIN
  +--> ?PR?EVENTHANDLERSAFEHOLDMODE?LUXP_CHECK
  +--> ?PR?_SCHEDULETURNONADCS?LUXP_SCHEDULE
  +--> ?PR?REENABLEBRH?LUXP_MAIN
  +--> ?PR?BODYRATEHANDLER?LUXP_MAIN
  +--> ?PR?_PWRSSETSINGLEOUTPUT?LUXP_PWRS
  +--> ?PR?_CALLRESET?LUXP_FUNCTION

?PR?EVENTHANDLERSAFEHOLDMODE?LUXP_CHECK          -----    -----      -----    -----
  +--> ?PR?_EVENTHANDLER?LUXP_CHECK

?PR?_CALLRESET?LUXP_FUNCTION                     -----    -----      1AB7H    0001H
  +--> ?PR?_EVENTHANDLER?LUXP_CHECK
  +--> ?PR?SWRESET?LUXP_EXTRA
  +--> ?PR?HWRESET?LUXP_EXTRA
  +--> ?PR?RESETSATELLITE?LUXP_EXTRA

?PR?SWRESET?LUXP_EXTRA                           -----    -----      -----    -----
  +--> ?PR?SAVESTATE?LUXP_STORING

?PR?HWRESET?LUXP_EXTRA                           -----    -----      -----    -----
  +--> ?PR?SAVESTATE?LUXP_STORING

?PR?RESETSATELLITE?LUXP_EXTRA                    -----    -----      1AB8H    0006H
  +--> ?PR?SAVESTATE?LUXP_STORING
  +--> ?PR?_REMOVESCHEDULE?LUXP_SCHEDULE
  +--> ?PR?LUXP_EXTRA
  +--> ?PR?_SCHEDULEOFFALLSUBSYSTEMS?LUXP_SC...
  +--> ?PR?_SCHEDULERESETPWRSOBDH?LUXP_SCHEDULE

?PR?_REMOVESCHEDULE?LUXP_SCHEDULE                -----    -----      1ABEH    0002H
  +--> ?PR?LUXP_SCHEDULE

?PR?_SCHEDULEOFFALLSUBSYSTEMS?LUXP_SC...         -----    -----      -----    -----
  +--> ?PR?LUXP_SCHEDULE
  +--> ?PR?ADDNEWSCHEDULE?LUXP_SCHEDULE

?PR?_SCHEDULERESETPWRSOBDH?LUXP_SCHEDULE         -----    -----      1ABEH    0005H
  +--> ?PR?LUXP_SCHEDULE
  +--> ?PR?ADDNEWSCHEDULE?LUXP_SCHEDULE

?PR?PERIPHERALERRORHANDLER?LUXP_MAIN             -----    -----      1A8AH    0001H
  +--> ?PR?LUXP_MAIN
  +--> ?PR?_WAITMS?LUXP_TIME
  +--> ?PR?_WAITTENTHMS?LUXP_TIME
  +--> ?PR?RESETI2CCOMMUNICATION?LUXP_ADD
  +--> ?PR?_EVENTHANDLER?LUXP_CHECK

?PR?SYSTEMUPDATEANDMONITOR?LUXP_MAIN             -----    -----      1A8AH    000DH
  +--> ?PR?LUXP_MAIN
  +--> ?PR?READMCUTEMPERATURE?LUXP_EXTRA
  +--> ?PR?GETSATTIMEFROMRTCINSEC?LUXP_TIME
  +--> ?PR?_EVENTHANDLER?LUXP_CHECK
  +--> ?PR?_SEC2DATEUPDATEFROMREF?LUXP_TIME
  +--> ?PR?_RTCUPDATEDATE?LUXP_RTC
  +--> ?PR?_PWRSGETDATA?LUXP_PWRS
BL51 BANKED LINKER/LOCATER V6.22                                                      01/09/2014  12:21:23  PAGE 18


  +--> ?PR?_ADCSSETTIME?LUXP_ADCS
  +--> ?PR?_SETTASKFLAGS?LUXP_TASK
  +--> ?PR?_SAVEDATAPROTECTED?LUXP_STORING
  +--> ?PR?SAVESTATE?LUXP_STORING
  +--> ?PR?_ISISI2CPAR?LUXP_ISIS
  +--> ?PR?_PWRSSETSINGLEOUTPUT?LUXP_PWRS
  +--> ?PR?_ISISI2C?LUXP_ISIS

?PR?READMCUTEMPERATURE?LUXP_EXTRA                -----    -----      1A97H    0004H
  +--> ?PR?_CONVERTA2D?LUXP_EXTRA
  +--> ?PR?LUXP_EXTRA

?PR?_CONVERTA2D?LUXP_EXTRA                       -----    -----      1A9BH    0001H
  +--> ?PR?_WAITUS?LUXP_TIME

?PR?GETSATTIMEFROMRTCINSEC?LUXP_TIME             -----    -----      1A97H    0002H
  +--> ?PR?GETSATTIMEFROMRTC?LUXP_TIME
  +--> ?PR?CONVERTSATTIMEFROMRTCTOSEC?LUXP_TIME

?PR?GETSATTIMEFROMRTC?LUXP_TIME                  -----    -----      1A99H    0006H
  +--> ?PR?_RTCGETTIME?LUXP_RTC
  +--> ?PR?UPDATESATDATE?LUXP_TIME
  +--> ?PR?COUNTNOOFDAYS?LUXP_TIME
  +--> ?PR?GETHMSINFO?LUXP_TIME
  +--> ?PR?LUXP_TIME

?PR?_RTCGETTIME?LUXP_RTC                         -----    -----      1AB7H    0003H
  +--> ?PR?LUXP_RTC
  +--> ?PR?STARTTIMING?LUXP_TIME
  +--> ?PR?I2CREAD?LUXP_RW
  +--> ?PR?STORERTC?LUXP_STORING
  +--> ?PR?ENDTIMING?LUXP_TIME

?PR?UPDATESATDATE?LUXP_TIME                      -----    -----      -----    -----
  +--> ?PR?_TWODEC2ONEHEX?LUXP_ADD

?PR?COUNTNOOFDAYS?LUXP_TIME                      -----    -----      1A9FH    0007H
  +--> ?PR?LUXP_TIME
  +--> ?PR?_CHECKENDDAYOFTHEMONTH?LUXP_TIME

?PR?_CHECKENDDAYOFTHEMONTH?LUXP_TIME             0020H.0  0000H.1    -----    -----

?PR?GETHMSINFO?LUXP_TIME                         -----    -----      1A9FH    000FH
  +--> ?PR?LUXP_TIME

?PR?CONVERTSATTIMEFROMRTCTOSEC?LUXP_TIME         -----    -----      -----    -----
  +--> ?PR?LUXP_TIME

?PR?_SEC2DATEUPDATEFROMREF?LUXP_TIME             -----    -----      1A97H    000EH
  +--> ?PR?LUXP_TIME
  +--> ?PR?_CHECKENDDAYOFTHEMONTH?LUXP_TIME

?PR?_RTCUPDATEDATE?LUXP_RTC                      -----    -----      1AB7H    000AH
  +--> ?PR?STARTTIMING?LUXP_TIME
  +--> ?PR?LUXP_RTC
  +--> ?PR?_ONEHEX2TWODEC?LUXP_ADD
  +--> ?PR?I2CWRITE?LUXP_RW
BL51 BANKED LINKER/LOCATER V6.22                                                      01/09/2014  12:21:23  PAGE 19


  +--> ?PR?ENDTIMING?LUXP_TIME

?PR?_ADCSSETTIME?LUXP_ADCS                       -----    -----      1AB7H    0007H
  +--> ?PR?STARTTIMING?LUXP_TIME
  +--> ?PR?LUXP_ADCS
  +--> ?PR?I2CWRITE?LUXP_RW
  +--> ?PR?ENDTIMING?LUXP_TIME

?PR?_ISISI2CPAR?LUXP_ISIS                        -----    -----      1AB7H    0008H
  +--> ?PR?LUXP_ISIS
  +--> ?PR?STARTTIMING?LUXP_TIME
  +--> ?PR?I2CWRITE?LUXP_RW
  +--> ?PR?ENDTIMING?LUXP_TIME

?PR?_ISISI2C?LUXP_ISIS                           -----    -----      1AD1H    0005H
  +--> ?PR?LUXP_ISIS
  +--> ?PR?STARTTIMING?LUXP_TIME
  +--> ?PR?I2CWRITE?LUXP_RW
  +--> ?PR?_I2CWAITREAD?LUXP_RW
  +--> ?PR?STOREISIS?LUXP_STORING
  +--> ?PR?ENDTIMING?LUXP_TIME

?PR?STOREISIS?LUXP_STORING                       -----    -----      -----    -----
  +--> ?PR?LUXP_STORING

?PR?GROUNDSTATIONCOMMANDHANDLER?LUXP_...         -----    -----      1A8AH    000CH
  +--> ?PR?LUXP_MAIN
  +--> ?PR?GROUNDPASSREQUESTKEYGENERATOR?LUX...
  +--> ?PR?_EVENTHANDLER?LUXP_CHECK
  +--> ?PR?SENDKEYREQUEST?LUXP_SEND
  +--> ?PR?GROUNDRELEASECLAIMBEACON?LUXP_GROUND
  +--> ?PR?ENTERGROUNDPASS?LUXP_MAIN
  +--> ?PR?SENDACKMSG?LUXP_SEND
  +--> ?PR?GROUNDCOMMANDLISTENER?LUXP_GROUND
  +--> ?PR?_FUNCTIONMODULE?LUXP_FUNCTION
  +--> ?PR?INITSENDDATA?LUXP_SEND
  +--> ?PR?GROUNDENTERSENDREALTIME?LUXP_GROUND
  +--> ?PR?_ADCSGETDATA?LUXP_ADCS
  +--> ?PR?_PWRSGETDATA?LUXP_PWRS
  +--> ?PR?_CHANGEDATA?LUXP_DEBUGGING
  +--> ?PR?_ADCSSETSSTHRESHOLD?LUXP_ADCS
  +--> ?PR?_ADCSSETTIME?LUXP_ADCS
  +--> ?PR?_ADCSSETVECTORALIGNTOSUN?LUXP_ADCS
  +--> ?PR?_ADCSSETBODYRATE?LUXP_ADCS
  +--> ?PR?_ADCSSETDGAIN?LUXP_ADCS
  +--> ?PR?_PWRSSETMPPTMODE?LUXP_PWRS
  +--> ?PR?_PWRSUPDATEBATTERYHEATER?LUXP_PWRS
  +--> ?PR?_PWRSSETSOCLIMIT?LUXP_PWRS
  +--> ?PR?_PWRSSETPVVOLT?LUXP_PWRS
  +--> ?PR?CHECKADCSDATAINLOGDATATYPE?LUXP_C...
  +--> ?PR?SCHEDULELOGDATA?LUXP_SCHEDULE
  +--> ?PR?_GROUNDUPDATETIME?LUXP_GROUND
  +--> ?PR?_CALLRESET?LUXP_FUNCTION
  +--> ?PR?_ADCSSETTLE?LUXP_ADCS
  +--> ?PR?_ADCSSETCGAIN?LUXP_ADCS
  +--> ?PR?_SCHEDULEMISSIONMODE?LUXP_SCHEDULE
  +--> ?PR?SCHEDULESUNTRACKING?LUXP_SCHEDULE
BL51 BANKED LINKER/LOCATER V6.22                                                      01/09/2014  12:21:23  PAGE 20


  +--> ?PR?_CHECKCRC16MATCH?LUXP_CHECK
  +--> ?PR?ADDNEWSCHEDULE?LUXP_SCHEDULE
  +--> ?PR?_SENDCOMMONDATA?LUXP_SEND
  +--> ?PR?GROUNDUPDATEREVNO?LUXP_GROUND
  +--> ?PR?GROUNDSAVEESSENTIALANDACK?LUXP_GR...
  +--> ?PR?TIMEWINDOWCHECK?LUXP_CHECK
  +--> ?PR?GROUNDSAVESCHEDULEANDACK?LUXP_GROUND
  +--> ?PR?GROUNDENTERSENDSTORED?LUXP_GROUND
  +--> ?PR?GROUNDTERMINATEGROUNDPASS?LUXP_GR...
  +--> ?PR?GROUNDSTARTSENDREQUEST?LUXP_GROUND
  +--> ?PR?GROUNDKEEPSENDREQUEST?LUXP_GROUND
  +--> ?PR?GROUNDTERMINATESENDREALTIMEDATA?L...
  +--> ?PR?GROUNDTERMINATESENDSTOREDDATAWITH...
  +--> ?PR?GROUNDTERMINATESENDSTOREDDATA?LUX...
  +--> ?PR?_ISISI2C?LUXP_ISIS
  +--> ?PR?RESETGSCHCOUNTERS?LUXP_MAIN
  +--> ?PR?GROUNDTERMINATETRANSITIONALSTATE?...
  +--> ?PR?_UCHAR2ULONG?LUXP_ADD
  +--> ?PR?_LOADDATAPROTECTED?LUXP_STORING
  +--> ?PR?_SEARCHBPBYORBITINFO?LUXP_STORING
  +--> ?PR?_SCHEDULETURNONADCS?LUXP_SCHEDULE

?PR?GROUNDPASSREQUESTKEYGENERATOR?LUX...         -----    -----      1A96H    0008H
  +--> ?PR?LUXP_GROUND
  +--> ?PR?_FILLDATA?LUXP_ADD
  +--> ?PR?_CREATECHECKSUM?LUXP_CHECK

?PR?SENDKEYREQUEST?LUXP_SEND                     -----    -----      -----    -----
  +--> ?PR?LUXP_SEND
  +--> ?PR?INITSENDDATA?LUXP_SEND
  +--> ?PR?GROUNDSTARTSENDREQUEST?LUXP_GROUND

?PR?INITSENDDATA?LUXP_SEND                       -----    -----      1A96H    0002H
  +--> ?PR?LUXP_SEND

?PR?GROUNDSTARTSENDREQUEST?LUXP_GROUND           -----    -----      -----    -----
  +--> ?PR?LUXP_GROUND

?PR?GROUNDRELEASECLAIMBEACON?LUXP_GROUND         -----    -----      -----    -----
  +--> ?PR?LUXP_GROUND

?PR?ENTERGROUNDPASS?LUXP_MAIN                    -----    -----      -----    -----
  +--> ?PR?LUXP_MAIN
  +--> ?PR?_EVENTHANDLERUPDATESTATEMODE?LUXP...

?PR?SENDACKMSG?LUXP_SEND                         -----    -----      -----    -----
  +--> ?PR?LUXP_SEND
  +--> ?PR?INITSENDDATA?LUXP_SEND
  +--> ?PR?GROUNDENTERSENDREALTIME?LUXP_GROUND

?PR?GROUNDENTERSENDREALTIME?LUXP_GROUND          -----    -----      -----    -----
  +--> ?PR?GROUNDSTARTCLAIMBEACON?LUXP_GROUND

?PR?GROUNDSTARTCLAIMBEACON?LUXP_GROUND           -----    -----      -----    -----
  +--> ?PR?_EVENTHANDLER?LUXP_CHECK

?PR?GROUNDCOMMANDLISTENER?LUXP_GROUND            -----    -----      1A96H    0001H
BL51 BANKED LINKER/LOCATER V6.22                                                      01/09/2014  12:21:23  PAGE 21


  +--> ?PR?INSERTGDSNCOMMANDTOGSCHVAR?LUXP_ADD
  +--> ?PR?_ISISI2C?LUXP_ISIS

?PR?INSERTGDSNCOMMANDTOGSCHVAR?LUXP_ADD          -----    -----      -----    -----
  +--> ?PR?LUXP_ADD
  +--> ?PR?_CHECKCRC16MATCH?LUXP_CHECK
  +--> ?PR?_ISISI2C?LUXP_ISIS

?PR?_FUNCTIONMODULE?LUXP_FUNCTION                -----    -----      1A9FH    0018H
  +--> ?CO?LUXP_FUNCTION
  +--> ?PR?LUXP_FUNCTION
  +--> ?PR?_ISISI2C?LUXP_ISIS
  +--> ?PR?_ISISI2CMSG?LUXP_ISIS
  +--> ?PR?_ADCSI2C?LUXP_ADCS
  +--> ?PR?_ADCSGETDATA?LUXP_ADCS
  +--> ?PR?_ADCSSETMODE?LUXP_ADCS
  +--> ?PR?_ADCSSETSSTHRESHOLD?LUXP_ADCS
  +--> ?PR?_UCHAR2FLOAT?LUXP_ADD
  +--> ?PR?_ADCSSETCGAIN?LUXP_ADCS
  +--> ?PR?_ADCSSETTLE?LUXP_ADCS
  +--> ?PR?_UCHAR2ULONG?LUXP_ADD
  +--> ?PR?_ADCSSETTIME?LUXP_ADCS
  +--> ?PR?_ADCSSETVECTORALIGNTOSUN?LUXP_ADCS
  +--> ?PR?_ADCSTOGGLEIMU?LUXP_ADCS
  +--> ?PR?_ADCSSETBODYRATE?LUXP_ADCS
  +--> ?PR?_ADCSSETDGAIN?LUXP_ADCS
  +--> ?PR?_PWRSI2C?LUXP_PWRS
  +--> ?PR?_PWRSGETDATA?LUXP_PWRS
  +--> ?PR?_PWRSUPDATEBATTERYHEATER?LUXP_PWRS
  +--> ?PR?_PWRSSETOUTPUT?LUXP_PWRS
  +--> ?PR?_PWRSSETSINGLEOUTPUT?LUXP_PWRS
  +--> ?PR?_PWRSSETMPPTMODE?LUXP_PWRS
  +--> ?PR?_PWRSSETPVVOLT?LUXP_PWRS
  +--> ?PR?_PWRSSETTKOUTPUT?LUXP_PWRS
  +--> ?PR?_PWRSRESETPWRS?LUXP_PWRS
  +--> ?PR?_PWRSRESETOBDH?LUXP_PWRS
  +--> ?PR?_PWRSSETSOCLIMIT?LUXP_PWRS
  +--> ?PR?_PWRSSETWDTLIMIT?LUXP_PWRS
  +--> ?PR?_PWRSINITEEPROM?LUXP_PWRS
  +--> ?PR?_PWRSSETSDC?LUXP_PWRS
  +--> ?PR?_RTCGETTIME?LUXP_RTC
  +--> ?PR?_RTCDATEINIT?LUXP_RTC
  +--> ?PR?_RTCUPDATEDATE?LUXP_RTC
  +--> ?PR?_ANTENNAI2C?LUXP_ANTENNA
  +--> ?PR?_ANTENNAI2CPAR?LUXP_ANTENNA
  +--> ?PR?_REMOVESCHEDULE?LUXP_SCHEDULE
  +--> ?PR?STARTTIMING?LUXP_TIME
  +--> ?PR?RESETI2CCOMMUNICATION?LUXP_ADD
  +--> ?PR?_RESETTASK?LUXP_ADD
  +--> ?PR?_SETTASKFLAGS?LUXP_TASK
  +--> ?PR?INITSD?LUXP_SD
  +--> ?PR?_SDERASESINGLEBLOCK?LUXP_SD
  +--> ?PR?GETHK?LUXP_TASK
  +--> ?PR?STOREHK?LUXP_TASK
  +--> ?PR?ENTERM3?LUXP_MAIN
  +--> ?PR?ENTERM4?LUXP_MAIN
  +--> ?PR?ENTERM5?LUXP_MAIN
BL51 BANKED LINKER/LOCATER V6.22                                                      01/09/2014  12:21:23  PAGE 22


  +--> ?PR?ENTERGROUNDPASS?LUXP_MAIN
  +--> ?PR?_GROUNDENTERMISSIONMODE?LUXP_GROUND
  +--> ?PR?GROUNDTERMINATEGROUNDPASS?LUXP_GR...
  +--> ?PR?ENTERM8?LUXP_MAIN
  +--> ?PR?_SCHEDULETURNONADCS?LUXP_SCHEDULE
  +--> ?PR?_CALLRESET?LUXP_FUNCTION
  +--> ?PR?_WAITMS?LUXP_TIME
  +--> ?PR?_WAITS?LUXP_TIME
  +--> ?PR?_SEARCHBPBYORBITINFO?LUXP_STORING
  +--> ?PR?_CHANGEDATA?LUXP_DEBUGGING
  +--> ?PR?_ENTERSCRIPTLINE?LUXP_TASK
  +--> ?PR?_SDREADSINGLEBLOCK?LUXP_SD
  +--> ?PR?_SAVEDATAPROTECTED?LUXP_STORING
  +--> ?PR?_LOADDATAPROTECTED?LUXP_STORING
  +--> ?PR?_FILLDATA?LUXP_ADD
  +--> ?PR?_SENDOPTIONS?LUXP_SEND
  +--> ?PR?INITTASKSCRIPT?LUXP_INIT
  +--> ?PR?_SDWRITESINGLEBLOCK?LUXP_SD
  +--> ?PR?_CREATECHECKSUM?LUXP_CHECK
  +--> ?PR?SAVESTATE?LUXP_STORING
  +--> ?PR?LOADSTATE?LUXP_STORING
  +--> ?PR?_UPDATEOBDHESSENTIAL?LUXP_STORING
  +--> ?PR?ENDTIMING?LUXP_TIME
  +--> ?PR?_EVENTHANDLER?LUXP_CHECK
  +--> ?PR?_ISISI2CPAR?LUXP_ISIS

?PR?_ISISI2CMSG?LUXP_ISIS                        -----    -----      1AB7H    000CH
  +--> ?PR?STARTTIMING?LUXP_TIME
  +--> ?PR?LUXP_ISIS
  +--> ?PR?I2CWRITE?LUXP_RW
  +--> ?PR?ENDTIMING?LUXP_TIME

?PR?_ADCSI2C?LUXP_ADCS                           -----    -----      1AB7H    0004H
  +--> ?PR?LUXP_ADCS
  +--> ?PR?STARTTIMING?LUXP_TIME
  +--> ?PR?I2CWRITE?LUXP_RW
  +--> ?PR?_I2CWAITREAD?LUXP_RW
  +--> ?PR?_STOREADCS?LUXP_STORING
  +--> ?PR?ENDTIMING?LUXP_TIME

?PR?_ADCSGETDATA?LUXP_ADCS                       -----    -----      1AB7H    0004H
  +--> ?PR?LUXP_ADCS
  +--> ?PR?STARTTIMING?LUXP_TIME
  +--> ?PR?I2CWRITE?LUXP_RW
  +--> ?PR?_I2CWAITREAD?LUXP_RW
  +--> ?PR?ENDTIMING?LUXP_TIME

?PR?_ADCSSETSSTHRESHOLD?LUXP_ADCS                -----    -----      1AB7H    0005H
  +--> ?PR?LUXP_ADCS
  +--> ?PR?STARTTIMING?LUXP_TIME
  +--> ?PR?I2CWRITE?LUXP_RW
  +--> ?PR?ENDTIMING?LUXP_TIME

?PR?_ADCSSETCGAIN?LUXP_ADCS                      -----    -----      1AB7H    0006H
  +--> ?PR?LUXP_ADCS
  +--> ?PR?STARTTIMING?LUXP_TIME
  +--> ?PR?_INSERTFLOATTOARRAY?LUXP_ADD
BL51 BANKED LINKER/LOCATER V6.22                                                      01/09/2014  12:21:23  PAGE 23


  +--> ?PR?I2CWRITE?LUXP_RW
  +--> ?PR?ENDTIMING?LUXP_TIME

?PR?_ADCSSETTLE?LUXP_ADCS                        -----    -----      1AB7H    0005H
  +--> ?PR?LUXP_ADCS
  +--> ?PR?STARTTIMING?LUXP_TIME
  +--> ?PR?_INSERTFLOATTOARRAY?LUXP_ADD
  +--> ?PR?_INSERTSHORTTOARRAY?LUXP_ADD
  +--> ?PR?I2CWRITE?LUXP_RW
  +--> ?PR?ENDTIMING?LUXP_TIME

?PR?_ADCSSETVECTORALIGNTOSUN?LUXP_ADCS           -----    -----      1AB7H    0003H
  +--> ?PR?LUXP_ADCS
  +--> ?PR?STARTTIMING?LUXP_TIME
  +--> ?PR?I2CWRITE?LUXP_RW
  +--> ?PR?ENDTIMING?LUXP_TIME

?PR?_ADCSTOGGLEIMU?LUXP_ADCS                     -----    -----      1AB7H    0004H
  +--> ?PR?LUXP_ADCS
  +--> ?PR?STARTTIMING?LUXP_TIME
  +--> ?PR?I2CWRITE?LUXP_RW
  +--> ?PR?ENDTIMING?LUXP_TIME

?PR?_ADCSSETBODYRATE?LUXP_ADCS                   -----    -----      1AB7H    0006H
  +--> ?PR?STARTTIMING?LUXP_TIME
  +--> ?PR?LUXP_ADCS
  +--> ?PR?I2CWRITE?LUXP_RW
  +--> ?PR?ENDTIMING?LUXP_TIME

?PR?_ADCSSETDGAIN?LUXP_ADCS                      -----    -----      1AB7H    0005H
  +--> ?PR?LUXP_ADCS
  +--> ?PR?STARTTIMING?LUXP_TIME
  +--> ?PR?I2CWRITE?LUXP_RW
  +--> ?PR?ENDTIMING?LUXP_TIME

?PR?_PWRSI2C?LUXP_PWRS                           -----    -----      1AB7H    0004H
  +--> ?PR?LUXP_PWRS
  +--> ?PR?STARTTIMING?LUXP_TIME
  +--> ?PR?I2CWRITE?LUXP_RW
  +--> ?PR?_I2CWAITREAD?LUXP_RW
  +--> ?PR?_STOREPWRS?LUXP_STORING
  +--> ?PR?ENDTIMING?LUXP_TIME

?PR?_PWRSUPDATEBATTERYHEATER?LUXP_PWRS           -----    -----      1AB7H    0004H
  +--> ?PR?LUXP_PWRS
  +--> ?PR?STARTTIMING?LUXP_TIME
  +--> ?PR?I2CWRITE?LUXP_RW
  +--> ?PR?ENDTIMING?LUXP_TIME

?PR?_PWRSSETOUTPUT?LUXP_PWRS                     -----    -----      1AB7H    0004H
  +--> ?PR?LUXP_PWRS
  +--> ?PR?STARTTIMING?LUXP_TIME
  +--> ?PR?I2CWRITE?LUXP_RW
  +--> ?PR?ENDTIMING?LUXP_TIME

?PR?_PWRSSETMPPTMODE?LUXP_PWRS                   -----    -----      1AB7H    0004H
  +--> ?PR?LUXP_PWRS
BL51 BANKED LINKER/LOCATER V6.22                                                      01/09/2014  12:21:23  PAGE 24


  +--> ?PR?STARTTIMING?LUXP_TIME
  +--> ?PR?I2CWRITE?LUXP_RW
  +--> ?PR?ENDTIMING?LUXP_TIME

?PR?_PWRSSETPVVOLT?LUXP_PWRS                     -----    -----      1AB7H    0003H
  +--> ?PR?LUXP_PWRS
  +--> ?PR?STARTTIMING?LUXP_TIME
  +--> ?PR?I2CWRITE?LUXP_RW
  +--> ?PR?ENDTIMING?LUXP_TIME

?PR?_PWRSSETTKOUTPUT?LUXP_PWRS                   -----    -----      1AB7H    0007H
  +--> ?PR?LUXP_PWRS
  +--> ?PR?STARTTIMING?LUXP_TIME
  +--> ?PR?I2CWRITE?LUXP_RW
  +--> ?PR?ENDTIMING?LUXP_TIME

?PR?_PWRSRESETPWRS?LUXP_PWRS                     -----    -----      1AB7H    0005H
  +--> ?PR?LUXP_PWRS
  +--> ?PR?STARTTIMING?LUXP_TIME
  +--> ?PR?I2CWRITE?LUXP_RW
  +--> ?PR?ENDTIMING?LUXP_TIME

?PR?_PWRSRESETOBDH?LUXP_PWRS                     -----    -----      1AB7H    0005H
  +--> ?PR?LUXP_PWRS
  +--> ?PR?STARTTIMING?LUXP_TIME
  +--> ?PR?I2CWRITE?LUXP_RW
  +--> ?PR?ENDTIMING?LUXP_TIME

?PR?_PWRSSETSOCLIMIT?LUXP_PWRS                   -----    -----      1AB7H    0005H
  +--> ?PR?LUXP_PWRS
  +--> ?PR?STARTTIMING?LUXP_TIME
  +--> ?PR?I2CWRITE?LUXP_RW
  +--> ?PR?ENDTIMING?LUXP_TIME

?PR?_PWRSSETWDTLIMIT?LUXP_PWRS                   -----    -----      1AB7H    0009H
  +--> ?PR?STARTTIMING?LUXP_TIME
  +--> ?PR?LUXP_PWRS
  +--> ?PR?_INSERTLONGTOARRAY?LUXP_ADD
  +--> ?PR?I2CWRITE?LUXP_RW
  +--> ?PR?ENDTIMING?LUXP_TIME

?PR?_PWRSINITEEPROM?LUXP_PWRS                    -----    -----      1AB7H    0003H
  +--> ?PR?LUXP_PWRS
  +--> ?PR?STARTTIMING?LUXP_TIME
  +--> ?PR?I2CWRITE?LUXP_RW
  +--> ?PR?ENDTIMING?LUXP_TIME

?PR?_PWRSSETSDC?LUXP_PWRS                        -----    -----      1AB7H    0004H
  +--> ?PR?LUXP_PWRS
  +--> ?PR?STARTTIMING?LUXP_TIME
  +--> ?PR?I2CWRITE?LUXP_RW
  +--> ?PR?ENDTIMING?LUXP_TIME

?PR?_ANTENNAI2C?LUXP_ANTENNA                     -----    -----      1AB7H    0005H
  +--> ?PR?STARTTIMING?LUXP_TIME
  +--> ?PR?LUXP_ANTENNA
  +--> ?PR?I2CWRITE?LUXP_RW
BL51 BANKED LINKER/LOCATER V6.22                                                      01/09/2014  12:21:23  PAGE 25


  +--> ?PR?_I2CWAITREAD?LUXP_RW
  +--> ?PR?STOREANTENNA?LUXP_STORING
  +--> ?PR?ENDTIMING?LUXP_TIME

?PR?STOREANTENNA?LUXP_STORING                    -----    -----      -----    -----
  +--> ?PR?LUXP_STORING

?PR?_ANTENNAI2CPAR?LUXP_ANTENNA                  -----    -----      1AB7H    0006H
  +--> ?PR?STARTTIMING?LUXP_TIME
  +--> ?PR?LUXP_ANTENNA
  +--> ?PR?I2CWRITE?LUXP_RW
  +--> ?PR?ENDTIMING?LUXP_TIME

?PR?_SDERASESINGLEBLOCK?LUXP_SD                  -----    -----      1AB7H    0005H
  +--> ?PR?INITSD?LUXP_SD
  +--> ?PR?LUXP_SD
  +--> ?PR?_SD_COMMANDUNTIL?LUXP_SD
  +--> ?PR?SD_ERASEBLOCKDATA?LUXP_SD
  +--> ?PR?_SD_GETUNTIL?LUXP_SD
  +--> ?PR?_SD_GETUNTILNOT?LUXP_SD
  +--> ?PR?_SD_SPIWRITEBYTE?LUXP_SD

?PR?SD_ERASEBLOCKDATA?LUXP_SD                    -----    -----      1ABCH    0002H
  +--> ?PR?_SD_SPIWRITEBYTE?LUXP_SD

?PR?GETHK?LUXP_TASK                              -----    -----      -----    -----
  +--> ?PR?LUXP_TASK
  +--> ?PR?_ADCSI2C?LUXP_ADCS
  +--> ?PR?UPDATEBODYRATEAVERAGE?LUXP_EXTRA
  +--> ?PR?_PWRSI2C?LUXP_PWRS
  +--> ?PR?_ISISGETHOUSEKEEPING?LUXP_ISIS
  +--> ?PR?GETHKTIMEANDORBIT?LUXP_TIME

?PR?UPDATEBODYRATEAVERAGE?LUXP_EXTRA             -----    -----      1AB7H    0013H
  +--> ?CO?LUXP_EXTRA
  +--> ?PR?LUXP_EXTRA

?PR?_ISISGETHOUSEKEEPING?LUXP_ISIS               -----    -----      1AB7H    001AH
  +--> ?CO?LUXP_ISIS
  +--> ?PR?STARTTIMING?LUXP_TIME
  +--> ?PR?_ISISI2C?LUXP_ISIS
  +--> ?PR?LUXP_ISIS
  +--> ?PR?ENDTIMING?LUXP_TIME

?PR?GETHKTIMEANDORBIT?LUXP_TIME                  -----    -----      -----    -----
  +--> ?PR?LUXP_TIME

?PR?STOREHK?LUXP_TASK                            -----    -----      -----    -----
  +--> ?PR?LUXP_TASK
  +--> ?PR?_SAVEDATAPROTECTED?LUXP_STORING
  +--> ?PR?_EVENTHANDLER?LUXP_CHECK

?PR?_GROUNDENTERMISSIONMODE?LUXP_GROUND          -----    -----      1AB7H    0002H
  +--> ?PR?RESETBRHENDFLAGS?LUXP_MAIN

?PR?GROUNDTERMINATEGROUNDPASS?LUXP_GR...         -----    -----      -----    -----
  +--> ?PR?GROUNDTERMINATETRANSITIONALSTATE?...
BL51 BANKED LINKER/LOCATER V6.22                                                      01/09/2014  12:21:23  PAGE 26


  +--> ?PR?RESETGSCHCOUNTERS?LUXP_MAIN

?PR?GROUNDTERMINATETRANSITIONALSTATE?...         -----    -----      -----    -----
  +--> ?PR?LUXP_GROUND

?PR?_SEARCHBPBYORBITINFO?LUXP_STORING            -----    -----      1AB7H    000CH
  +--> ?PR?LUXP_STORING
  +--> ?PR?_UCHAR2ULONG?LUXP_ADD
  +--> ?PR?_LOADDATAPROTECTED?LUXP_STORING

?PR?_CHANGEDATA?LUXP_DEBUGGING                   -----    -----      1AB7H    0006H
  +--> ?PR?LUXP_DEBUGGING
  +--> ?PR?_UCHAR2FLOAT?LUXP_ADD
  +--> ?PR?_UCHAR2ULONG?LUXP_ADD

?PR?_SENDOPTIONS?LUXP_SEND                       -----    -----      1AB7H    0005H
  +--> ?PR?LUXP_SEND
  +--> ?PR?_FILLDATA?LUXP_ADD

?PR?SCHEDULELOGDATA?LUXP_SCHEDULE                -----    -----      -----    -----
  +--> ?PR?LUXP_SCHEDULE
  +--> ?PR?_UCHAR2ULONG?LUXP_ADD
  +--> ?PR?ADDNEWSCHEDULE?LUXP_SCHEDULE

?PR?_GROUNDUPDATETIME?LUXP_GROUND                -----    -----      -----    -----
  +--> ?PR?LUXP_GROUND
  +--> ?PR?_SEC2DATEUPDATEFROMREF?LUXP_TIME
  +--> ?PR?_RTCUPDATEDATE?LUXP_RTC

?PR?_SCHEDULEMISSIONMODE?LUXP_SCHEDULE           -----    -----      1A96H    0006H
  +--> ?PR?LUXP_SCHEDULE
  +--> ?PR?ADDNEWSCHEDULE?LUXP_SCHEDULE

?PR?SCHEDULESUNTRACKING?LUXP_SCHEDULE            -----    -----      -----    -----
  +--> ?PR?LUXP_SCHEDULE
  +--> ?PR?_UCHAR2ULONG?LUXP_ADD
  +--> ?PR?ADDNEWSCHEDULE?LUXP_SCHEDULE

?PR?_SENDCOMMONDATA?LUXP_SEND                    -----    -----      -----    -----
  +--> ?PR?LUXP_SEND
  +--> ?PR?INITSENDDATA?LUXP_SEND
  +--> ?PR?GROUNDENTERSENDREALTIME?LUXP_GROUND

?PR?GROUNDUPDATEREVNO?LUXP_GROUND                -----    -----      -----    -----
  +--> ?PR?_UCHAR2FLOAT?LUXP_ADD
  +--> ?PR?LUXP_GROUND

?PR?GROUNDSAVEESSENTIALANDACK?LUXP_GR...         -----    -----      -----    -----
  +--> ?PR?_SAVEDATAPROTECTED?LUXP_STORING
  +--> ?PR?SENDACKMSG?LUXP_SEND

?PR?TIMEWINDOWCHECK?LUXP_CHECK                   -----    -----      1A96H    000CH
  +--> ?PR?_UCHAR2ULONG?LUXP_ADD
  +--> ?PR?LUXP_CHECK

?PR?GROUNDSAVESCHEDULEANDACK?LUXP_GROUND         -----    -----      -----    -----
  +--> ?PR?_SAVEDATAPROTECTED?LUXP_STORING
BL51 BANKED LINKER/LOCATER V6.22                                                      01/09/2014  12:21:23  PAGE 27


  +--> ?PR?SENDACKMSG?LUXP_SEND

?PR?GROUNDENTERSENDSTORED?LUXP_GROUND            -----    -----      -----    -----
  +--> ?PR?GROUNDSTARTCLAIMBEACON?LUXP_GROUND

?PR?GROUNDKEEPSENDREQUEST?LUXP_GROUND            -----    -----      -----    -----
  +--> ?PR?LUXP_GROUND

?PR?GROUNDTERMINATESENDREALTIMEDATA?L...         -----    -----      -----    -----
  +--> ?PR?GROUNDTERMINATETRANSITIONALSTATE?...

?PR?GROUNDTERMINATESENDSTOREDDATAWITH...         -----    -----      -----    -----
  +--> ?PR?SENDACKMSG?LUXP_SEND

?PR?GROUNDTERMINATESENDSTOREDDATA?LUX...         -----    -----      -----    -----
  +--> ?PR?GROUNDTERMINATETRANSITIONALSTATE?...

?PR?BEACONHANDLER?LUXP_MAIN                      -----    -----      1A8AH    000AH
  +--> ?CO?LUXP_MAIN
  +--> ?PR?LUXP_MAIN
  +--> ?PR?_GROUNDINITCWBEACON?LUXP_GROUND
  +--> ?PR?_ISISI2CPAR?LUXP_ISIS
  +--> ?PR?_ISISI2C?LUXP_ISIS
  +--> ?PR?_ISISI2CMSG?LUXP_ISIS
  +--> ?PR?OVERLYLONGTRANSMISSIONRECOVERY?LU...
  +--> ?PR?SENDDATA?LUXP_SEND
  +--> ?PR?GROUNDINITAX25BEACON?LUXP_GROUND
  +--> ?PR?_EVENTHANDLER?LUXP_CHECK

?PR?_GROUNDINITCWBEACON?LUXP_GROUND              -----    -----      1A94H    0002H
  +--> ?PR?LUXP_GROUND

?PR?OVERLYLONGTRANSMISSIONRECOVERY?LU...         -----    -----      1A94H    0009H
  +--> ?CO?LUXP_EXTRA
  +--> ?PR?LUXP_EXTRA
  +--> ?PR?_ISISI2C?LUXP_ISIS
  +--> ?PR?_WAITS?LUXP_TIME
  +--> ?PR?_INSERTCRC16?LUXP_ADD
  +--> ?PR?_ISISI2CMSG?LUXP_ISIS
  +--> ?PR?_WAITMS?LUXP_TIME
  +--> ?PR?_ISISI2CPAR?LUXP_ISIS

?PR?SENDDATA?LUXP_SEND                           -----    -----      1A94H    000FH
  +--> ?PR?LUXP_SEND
  +--> ?PR?_FILLDATA?LUXP_ADD
  +--> ?PR?SENDDATAINAX25FRAME?LUXP_SEND

?PR?SENDDATAINAX25FRAME?LUXP_SEND                -----    -----      1AA3H    0005H
  +--> ?PR?LUXP_SEND
  +--> ?PR?_SAVEDATAPROTECTED?LUXP_STORING
  +--> ?PR?_INSERTCRC16?LUXP_ADD
  +--> ?PR?_ISISI2CMSG?LUXP_ISIS

?PR?GROUNDINITAX25BEACON?LUXP_GROUND             -----    -----      -----    -----
  +--> ?PR?INITSENDDATA?LUXP_SEND

?PR?_COMMANDCONTROLMODULE?LUXP_MAIN              -----    -----      1A90H    000FH
BL51 BANKED LINKER/LOCATER V6.22                                                      01/09/2014  12:21:23  PAGE 28


  +--> ?PR?LUXP_MAIN
  +--> ?PR?_CHECKCRC16MATCH?LUXP_CHECK
  +--> ?PR?_FUNCTIONMODULE?LUXP_FUNCTION
  +--> ?PR?_SETTASKFLAGS?LUXP_TASK

?PR?_SENDTOUART1?LUXP_SEND                       -----    -----      1A8AH    000CH
  +--> ?PR?LUXP_SEND
  +--> ?PR?_WAITUS?LUXP_TIME

?PR?SATELLITESCHEDULEHANDLER?LUXP_MAIN           -----    -----      1A8AH    0006H
  +--> ?PR?REARRANGESCHEDULE?LUXP_SCHEDULE
  +--> ?PR?LUXP_MAIN
  +--> ?PR?_INSERTCRC16?LUXP_ADD
  +--> ?PR?_REMOVESCHEDULE?LUXP_SCHEDULE
  +--> ?PR?_COMMANDCONTROLMODULE?LUXP_MAIN

?PR?REARRANGESCHEDULE?LUXP_SCHEDULE              -----    -----      1A90H    0002H
  +--> ?PR?LUXP_SCHEDULE
  +--> ?PR?_SWAPSCHEDULEINDEX?LUXP_SCHEDULE

?PR?_SWAPSCHEDULEINDEX?LUXP_SCHEDULE             -----    -----      -----    -----
  +--> ?PR?LUXP_SCHEDULE

?PR?_TASKMODULE?LUXP_TASK                        -----    -----      1A8AH    0006H
  +--> ?PR?_GETREADINGFORMAT?LUXP_TASK
  +--> ?PR?LUXP_TASK
  +--> ?PR?_READSCRIPTLINE?LUXP_TASK
  +--> ?PR?_FILLDATA?LUXP_ADD

?PR?_GETREADINGFORMAT?LUXP_TASK                  -----    -----      -----    -----
  +--> ?PR?LUXP_TASK

?PR?_READSCRIPTLINE?LUXP_TASK                    -----    -----      1A90H    0012H
  +--> ?PR?LUXP_TASK
  +--> ?PR?_EVENTHANDLER?LUXP_CHECK
  +--> ?PR?_SCRIPTLINECLAIMTIMER?LUXP_TASK
  +--> ?PR?_RESETSCRIPTLINETIMER?LUXP_TASK
  +--> ?PR?GETHK?LUXP_TASK
  +--> ?PR?STOREHK?LUXP_TASK
  +--> ?PR?GETSSCP?LUXP_TASK
  +--> ?PR?INITLOGDATA?LUXP_TASK
  +--> ?PR?LOGDATA?LUXP_TASK
  +--> ?PR?TERMINATELOGDATA?LUXP_TASK
  +--> ?PR?_PWRSSETTKOUTPUT?LUXP_PWRS
  +--> ?PR?_PWRSGETDATA?LUXP_PWRS
  +--> ?PR?_PWRSSETSINGLEOUTPUT?LUXP_PWRS
  +--> ?PR?_WAITMS?LUXP_TIME
  +--> ?PR?_ANTENNAI2CPAR?LUXP_ANTENNA
  +--> ?PR?_ANTENNAI2C?LUXP_ANTENNA
  +--> ?PR?_SCRIPTLINEENDHANDLER?LUXP_TASK

?PR?_SCRIPTLINECLAIMTIMER?LUXP_TASK              -----    -----      1AA6H    0002H
  +--> ?PR?LUXP_TASK
  +--> ?PR?_SCRIPTLINEGETTIMER?LUXP_TASK
  +--> ?PR?_SCRIPTLINEREADTIMERNO?LUXP_TASK

?PR?_SCRIPTLINEGETTIMER?LUXP_TASK                -----    -----      1AA8H    0004H
BL51 BANKED LINKER/LOCATER V6.22                                                      01/09/2014  12:21:23  PAGE 29


  +--> ?PR?LUXP_TASK
  +--> ?PR?_CHECKSCRIPTLINEBIT?LUXP_TASK

?PR?_SCRIPTLINEREADTIMERNO?LUXP_TASK             -----    -----      1AA8H    0002H
  +--> ?PR?LUXP_TASK
  +--> ?PR?_CHECKSCRIPTLINEBIT?LUXP_TASK

?PR?_RESETSCRIPTLINETIMER?LUXP_TASK              -----    -----      -----    -----
  +--> ?PR?LUXP_TASK

?PR?GETSSCP?LUXP_TASK                            -----    -----      -----    -----
  +--> ?PR?LUXP_TASK
  +--> ?PR?_ADCSI2C?LUXP_ADCS
  +--> ?PR?_PWRSI2C?LUXP_PWRS

?PR?INITLOGDATA?LUXP_TASK                        -----    -----      -----    -----
  +--> ?PR?LUXP_TASK
  +--> ?PR?_FILLDATA?LUXP_ADD
  +--> ?PR?_EVENTHANDLER?LUXP_CHECK

?PR?LOGDATA?LUXP_TASK                            -----    -----      1AA2H    0008H
  +--> ?PR?LUXP_TASK
  +--> ?PR?_ADCSGETDATA?LUXP_ADCS
  +--> ?PR?_PWRSGETDATA?LUXP_PWRS
  +--> ?PR?_SAVEDATAPROTECTED?LUXP_STORING
  +--> ?PR?_FILLDATA?LUXP_ADD
  +--> ?PR?_EVENTHANDLER?LUXP_CHECK

?PR?TERMINATELOGDATA?LUXP_TASK                   -----    -----      -----    -----
  +--> ?PR?LUXP_TASK
  +--> ?PR?_SAVEDATAPROTECTED?LUXP_STORING
  +--> ?PR?_EVENTHANDLER?LUXP_CHECK

?PR?_SCRIPTLINEENDHANDLER?LUXP_TASK              -----    -----      1AA2H    0004H
  +--> ?PR?LUXP_TASK
  +--> ?PR?_SCRIPTLINERELEASERETRYCOUNTER?LU...
  +--> ?PR?_SCRIPTLINECLAIMTIMER?LUXP_TASK
  +--> ?PR?_SCRIPTLINERELEASETIMER?LUXP_TASK
  +--> ?PR?_EVENTHANDLER?LUXP_CHECK

*** NEW ROOT ***************************************************

?PR?ISRTIMER4?LUXP_INTERRUPTS                    -----    -----      -----    -----
  +--> ?PR?LUXP_INTERRUPTS

*** NEW ROOT ***************************************************

?PR?ISRSMBUS?LUXP_INTERRUPTS                     -----    -----      -----    -----
  +--> ?PR?LUXP_INTERRUPTS
  +--> ?PR?RESETI2CCOMMUNICATION?LUXP_ADD



IGNORED SEGMENTS:
   ?BANK?SELECT
   ?PR?_UCHAR2FLOAT?LUXP_ADD
   ?PR?_FLOAT2ULLCHAR?LUXP_ADD
BL51 BANKED LINKER/LOCATER V6.22                                                      01/09/2014  12:21:23  PAGE 30


   ?PR?_FLOAT2ULHCHAR?LUXP_ADD
   ?PR?_FLOAT2UHLCHAR?LUXP_ADD
   ?PR?_FLOAT2UHHCHAR?LUXP_ADD
   ?PR?_TWODEC2ONEHEX?LUXP_ADD
   ?PR?_ONEHEX2TWODEC?LUXP_ADD
   ?PR?CLEARUARTBUFFER?LUXP_ADD
   ?PR?CLEARCALLTASKBUFFER?LUXP_ADD
   ?PR?RESETI2CCOMMUNICATION?LUXP_ADD
   ?PR?LUXP_ANTENNA
   ?PR?_CHECKSUM_PUBLISH?LUXP_CHECK
   ?PR?CHECKADCSDATAINLOGDATATYPE?LUXP_CHECK
   ?PR?EVENTHANDLERSAFEHOLDMODE?LUXP_CHECK
   ?PR?SWRESET?LUXP_EXTRA
   ?PR?HWRESET?LUXP_EXTRA
   ?CO?LUXP_EXTRA
   ?CO?LUXP_FUNCTION
   ?PR?GROUNDINITAX25BEACON?LUXP_GROUND
   ?PR?GROUNDSAVESCHEDULEANDACK?LUXP_GROUND
   ?PR?GROUNDSAVEESSENTIALANDACK?LUXP_GROUND
   ?PR?GROUNDTERMINATETRANSITIONALSTATE?LUXP_GROUND
   ?PR?GROUNDTERMINATESENDREALTIMEDATA?LUXP_GROUND
   ?PR?GROUNDTERMINATESENDSTOREDDATA?LUXP_GROUND
   ?PR?GROUNDTERMINATESENDSTOREDDATAWITHACKMSG?LUXP_GROUND
   ?PR?GROUNDENTERSENDREALTIME?LUXP_GROUND
   ?PR?GROUNDENTERSENDSTORED?LUXP_GROUND
   ?PR?GROUNDSTARTSENDREQUEST?LUXP_GROUND
   ?PR?GROUNDKEEPSENDREQUEST?LUXP_GROUND
   ?PR?GROUNDRELEASECLAIMBEACON?LUXP_GROUND
   ?PR?DISABLEWDT?LUXP_INIT
   ?PR?INITEMIF?LUXP_INIT
   ?PR?INITSPI?LUXP_INIT
   ?PR?INITUART0?LUXP_INIT
   ?PR?INITUART1?LUXP_INIT
   ?PR?INITSATELLITETIME?LUXP_INIT
   ?CO?LUXP_INIT
   ?PR?ISRTIMER3?LUXP_INTERRUPTS
   ?CO?LUXP_ISIS
   ?PR?SATELLITECONTROLMODULE?LUXP_MAIN
   ?PR?ENTERM4?LUXP_MAIN
   ?PR?ENTERM5?LUXP_MAIN
   ?PR?ENTERM8?LUXP_MAIN
   ?PR?RESETGSCHCOUNTERS?LUXP_MAIN
   ?PR?REENABLEBRH?LUXP_MAIN
   ?PR?RESETBRHENDFLAGS?LUXP_MAIN
   ?CO?LUXP_MAIN
   ?PR?LUXP_RTC
   ?PR?I2CWRITE?LUXP_RW
   ?PR?I2CREAD?LUXP_RW
   ?PR?LUXP_RW
   ?PR?_SWAPSCHEDULEINDEX?LUXP_SCHEDULE
   ?PR?_SD_SPIWRITEBYTE?LUXP_SD
   ?PR?SD_SPIREADBYTE?LUXP_SD
   ?PR?_SD_CRC7PUBLISH?LUXP_SD
   ?PR?_SENDCOMMONDATA?LUXP_SEND
   ?PR?SENDKEYREQUEST?LUXP_SEND
   ?PR?_GETREADINGFORMAT?LUXP_TASK
   ?PR?_SCRIPTLINESTOPTIMER?LUXP_TASK
BL51 BANKED LINKER/LOCATER V6.22                                                      01/09/2014  12:21:23  PAGE 31


   ?PR?_RESETSCRIPTLINETIMER?LUXP_TASK
   ?PR?TERMINATELOGDATA?LUXP_TASK
   ?PR?_WAITMS?LUXP_TIME
   ?PR?GETHKTIMEANDORBIT?LUXP_TIME
   ?PR?STARTTIMING?LUXP_TIME
   ?PR?ENDTIMING?LUXP_TIME



IGNORED SYMBOLS:
   ?B_SWITCHBANK_A
   CHECKADCSDATAINLOGDATATYPE
   CLEARCALLTASKBUFFER
   CLEARUARTBUFFER
   DISABLEWDT
   ENDTIMING
   ENTERM4
   ENTERM5
   ENTERM8
   EVENTHANDLERSAFEHOLDMODE
   GETHKTIMEANDORBIT
   GROUNDENTERSENDREALTIME
   GROUNDENTERSENDSTORED
   GROUNDINITAX25BEACON
   GROUNDKEEPSENDREQUEST
   GROUNDRELEASECLAIMBEACON
   GROUNDSAVEESSENTIALANDACK
   GROUNDSAVESCHEDULEANDACK
   GROUNDSTARTSENDREQUEST
   GROUNDTERMINATESENDREALTIMEDATA
   GROUNDTERMINATESENDSTOREDDATA
   GROUNDTERMINATESENDSTOREDDATAWITHACKMSG
   GROUNDTERMINATETRANSITIONALSTATE
   HWRESET
   I2CREAD
   I2CWRITE
   INITEMIF
   INITSATELLITETIME
   INITSPI
   INITUART0
   INITUART1
   ISRTIMER3
   REENABLEBRH
   RESETBRHENDFLAGS
   RESETGSCHCOUNTERS
   RESETI2CCOMMUNICATION
   SATELLITECONTROLMODULE
   SD_SPIREADBYTE
   SENDKEYREQUEST
   STARTTIMING
   SWRESET
   TERMINATELOGDATA
   _CHECKSUM_PUBLISH
   _FLOAT2UHHCHAR
   _FLOAT2UHLCHAR
   _FLOAT2ULHCHAR
   _FLOAT2ULLCHAR
BL51 BANKED LINKER/LOCATER V6.22                                                      01/09/2014  12:21:23  PAGE 32


   _GETREADINGFORMAT
   _ONEHEX2TWODEC
   _RESETSCRIPTLINETIMER
   _SCRIPTLINESTOPTIMER
   _SD_CRC7PUBLISH
   _SD_SPIWRITEBYTE
   _SENDCOMMONDATA
   _SWAPSCHEDULEINDEX
   _SWITCHBANK
   _TWODEC2ONEHEX
   _UCHAR2FLOAT
   _WAITMS



SYMBOL TABLE OF MODULE:  LUX-P(1.1) (?C_STARTUP)

  VALUE           TYPE          NAME
  ----------------------------------

  -------         MODULE        ?C_STARTUP
  C:D872H         SEGMENT       ?C_C51STARTUP
  I:0021H         SEGMENT       ?STACK
  C:0000H         PUBLIC        ?C_STARTUP
  D:00E0H         SYMBOL        ACC
  D:00F0H         SYMBOL        B
  D:0083H         SYMBOL        DPH
  D:0082H         SYMBOL        DPL
  N:0000H         SYMBOL        IBPSTACK
  N:0100H         SYMBOL        IBPSTACKTOP
  N:0080H         SYMBOL        IDATALEN
  C:D875H         SYMBOL        IDATALOOP
  N:0000H         SYMBOL        PBPSTACK
  N:0100H         SYMBOL        PBPSTACKTOP
  N:0000H         SYMBOL        PDATALEN
  N:0000H         SYMBOL        PDATASTART
  N:0000H         SYMBOL        PPAGE
  N:0000H         SYMBOL        PPAGEENABLE
  D:00A0H         SYMBOL        PPAGE_SFR
  D:0081H         SYMBOL        SP
  C:D872H         SYMBOL        STARTUP1
  N:0000H         SYMBOL        XBPSTACK
  N:0000H         SYMBOL        XBPSTACKTOP
  N:0000H         SYMBOL        XDATALEN
  N:0000H         SYMBOL        XDATASTART
  C:0000H         LINE#         126
  C:D872H         LINE#         133
  C:D874H         LINE#         134
  C:D875H         LINE#         135
  C:D876H         LINE#         136
  C:D878H         LINE#         185
  C:D87BH         LINE#         196
  -------         ENDMOD        ?C_STARTUP

  -------         MODULE        ?BANK?SWITCHING
  C:0000H         SEGMENT       ?BANK?SELECT
  D:0008H         SEGMENT       ?BANK?DATA
BL51 BANKED LINKER/LOCATER V6.22                                                      01/09/2014  12:21:23  PAGE 33


  C:F400H         SEGMENT       ?BANK?SWITCH
  C:4933H         SEGMENT       ?C?LIB_CODE
  N:FFFFH         PUBLIC        ?B?XEND
  N:0000H         PUBLIC        ?B?XMEM
  N:8000H         PUBLIC        ?B?XSTART
  C:F400H         PUBLIC        ?B_BANK0
  C:F411H         PUBLIC        ?B_BANK1
  C:F422H         PUBLIC        ?B_BANK2
  C:F433H         PUBLIC        ?B_BANK3
  D:0008H         PUBLIC        ?B_CURRENTBANK
[...]
    MODULE:  luxp_main.obj (LUXP_MAIN)
    ADDRESS: 46D2H

*** ERROR L118: REFERENCE MADE TO ERRONEOUS EXTERNAL
    SYMBOL:  GROUNDTERMINATESENDSTOREDDATA
    MODULE:  luxp_main.obj (LUXP_MAIN)
    ADDRESS: 46DAH

*** ERROR L118: REFERENCE MADE TO ERRONEOUS EXTERNAL
    SYMBOL:  GROUNDTERMINATESENDSTOREDDATA
    MODULE:  luxp_main.obj (LUXP_MAIN)
    ADDRESS: 4718H

*** ERROR L118: REFERENCE MADE TO ERRONEOUS EXTERNAL
    SYMBOL:  GROUNDTERMINATESENDSTOREDDATA
    MODULE:  luxp_main.obj (LUXP_MAIN)
    ADDRESS: 4723H

*** ERROR L118: REFERENCE MADE TO ERRONEOUS EXTERNAL
    SYMBOL:  GROUNDTERMINATESENDSTOREDDATA
    MODULE:  luxp_main.obj (LUXP_MAIN)
    ADDRESS: 47BCH
BL51 BANKED LINKER/LOCATER V6.22                                                      01/09/2014  12:21:23  PAGE 306



*** ERROR L118: REFERENCE MADE TO ERRONEOUS EXTERNAL
    SYMBOL:  GROUNDTERMINATETRANSITIONALSTATE
    MODULE:  luxp_main.obj (LUXP_MAIN)
    ADDRESS: 47CAH

*** ERROR L118: REFERENCE MADE TO ERRONEOUS EXTERNAL
    SYMBOL:  GROUNDTERMINATETRANSITIONALSTATE
    MODULE:  luxp_main.obj (LUXP_MAIN)
    ADDRESS: 492DH

*** ERROR L118: REFERENCE MADE TO ERRONEOUS EXTERNAL
    SYMBOL:  EVENTHANDLERSAFEHOLDMODE
    MODULE:  luxp_main.obj (LUXP_MAIN)
    ADDRESS: A80CH

*** ERROR L118: REFERENCE MADE TO ERRONEOUS EXTERNAL
    SYMBOL:  EVENTHANDLERSAFEHOLDMODE
    MODULE:  luxp_main.obj (LUXP_MAIN)
    ADDRESS: A856H

*** ERROR L118: REFERENCE MADE TO ERRONEOUS EXTERNAL
    SYMBOL:  EVENTHANDLERSAFEHOLDMODE
    MODULE:  luxp_main.obj (LUXP_MAIN)
    ADDRESS: A8A5H

*** ERROR L120: CONTENT BELONGS TO ERRONEOUS SEGMENT
    SEGMENT: ?PR?ENTERM4?LUXP_MAIN
    MODULE:  luxp_main.obj (LUXP_MAIN)

*** ERROR L120: CONTENT BELONGS TO ERRONEOUS SEGMENT
    SEGMENT: ?PR?ENTERM5?LUXP_MAIN
    MODULE:  luxp_main.obj (LUXP_MAIN)

*** ERROR L120: CONTENT BELONGS TO ERRONEOUS SEGMENT
    SEGMENT: ?PR?ENTERM8?LUXP_MAIN
    MODULE:  luxp_main.obj (LUXP_MAIN)

*** ERROR L120: CONTENT BELONGS TO ERRONEOUS SEGMENT
    SEGMENT: ?PR?RESETGSCHCOUNTERS?LUXP_MAIN
    MODULE:  luxp_main.obj (LUXP_MAIN)

*** ERROR L120: CONTENT BELONGS TO ERRONEOUS SEGMENT
    SEGMENT: ?PR?REENABLEBRH?LUXP_MAIN
    MODULE:  luxp_main.obj (LUXP_MAIN)

*** ERROR L120: CONTENT BELONGS TO ERRONEOUS SEGMENT
    SEGMENT: ?PR?RESETBRHENDFLAGS?LUXP_MAIN
    MODULE:  luxp_main.obj (LUXP_MAIN)

*** ERROR L118: REFERENCE MADE TO ERRONEOUS EXTERNAL
    SYMBOL:  STARTTIMING
    MODULE:  luxp_PWRS.obj (LUXP_PWRS)
    ADDRESS: D50FH

*** ERROR L118: REFERENCE MADE TO ERRONEOUS EXTERNAL
    SYMBOL:  I2CWRITE
BL51 BANKED LINKER/LOCATER V6.22                                                      01/09/2014  12:21:23  PAGE 307


    MODULE:  luxp_PWRS.obj (LUXP_PWRS)
    ADDRESS: D54AH

*** ERROR L118: REFERENCE MADE TO ERRONEOUS EXTERNAL
    SYMBOL:  ENDTIMING
    MODULE:  luxp_PWRS.obj (LUXP_PWRS)
    ADDRESS: D591H

*** ERROR L118: REFERENCE MADE TO ERRONEOUS EXTERNAL
    SYMBOL:  STARTTIMING
    MODULE:  luxp_PWRS.obj (LUXP_PWRS)
    ADDRESS: D33AH

*** ERROR L118: REFERENCE MADE TO ERRONEOUS EXTERNAL
    SYMBOL:  I2CWRITE
    MODULE:  luxp_PWRS.obj (LUXP_PWRS)
    ADDRESS: D36FH

*** ERROR L118: REFERENCE MADE TO ERRONEOUS EXTERNAL
    SYMBOL:  ENDTIMING
    MODULE:  luxp_PWRS.obj (LUXP_PWRS)
    ADDRESS: D3C3H

*** ERROR L118: REFERENCE MADE TO ERRONEOUS EXTERNAL
    SYMBOL:  STARTTIMING
    MODULE:  luxp_PWRS.obj (LUXP_PWRS)
    ADDRESS: F5CDH

*** ERROR L118: REFERENCE MADE TO ERRONEOUS EXTERNAL
    SYMBOL:  I2CWRITE
    MODULE:  luxp_PWRS.obj (LUXP_PWRS)
    ADDRESS: F5E3H

*** ERROR L118: REFERENCE MADE TO ERRONEOUS EXTERNAL
    SYMBOL:  ENDTIMING
    MODULE:  luxp_PWRS.obj (LUXP_PWRS)
    ADDRESS: F5F5H

*** ERROR L118: REFERENCE MADE TO ERRONEOUS EXTERNAL
    SYMBOL:  STARTTIMING
    MODULE:  luxp_PWRS.obj (LUXP_PWRS)
    ADDRESS: F60BH

*** ERROR L118: REFERENCE MADE TO ERRONEOUS EXTERNAL
    SYMBOL:  I2CWRITE
    MODULE:  luxp_PWRS.obj (LUXP_PWRS)
    ADDRESS: F621H

*** ERROR L118: REFERENCE MADE TO ERRONEOUS EXTERNAL
    SYMBOL:  ENDTIMING
    MODULE:  luxp_PWRS.obj (LUXP_PWRS)
    ADDRESS: F633H

*** ERROR L118: REFERENCE MADE TO ERRONEOUS EXTERNAL
    SYMBOL:  STARTTIMING
    MODULE:  luxp_PWRS.obj (LUXP_PWRS)
    ADDRESS: EB9AH
BL51 BANKED LINKER/LOCATER V6.22                                                      01/09/2014  12:21:23  PAGE 308



*** ERROR L118: REFERENCE MADE TO ERRONEOUS EXTERNAL
    SYMBOL:  I2CWRITE
    MODULE:  luxp_PWRS.obj (LUXP_PWRS)
    ADDRESS: EBBFH

*** ERROR L118: REFERENCE MADE TO ERRONEOUS EXTERNAL
    SYMBOL:  ENDTIMING
    MODULE:  luxp_PWRS.obj (LUXP_PWRS)
    ADDRESS: EBD1H

*** ERROR L118: REFERENCE MADE TO ERRONEOUS EXTERNAL
    SYMBOL:  STARTTIMING
    MODULE:  luxp_PWRS.obj (LUXP_PWRS)
    ADDRESS: F649H

*** ERROR L118: REFERENCE MADE TO ERRONEOUS EXTERNAL
    SYMBOL:  I2CWRITE
    MODULE:  luxp_PWRS.obj (LUXP_PWRS)
    ADDRESS: F65FH

*** ERROR L118: REFERENCE MADE TO ERRONEOUS EXTERNAL
    SYMBOL:  ENDTIMING
    MODULE:  luxp_PWRS.obj (LUXP_PWRS)
    ADDRESS: F671H

*** ERROR L118: REFERENCE MADE TO ERRONEOUS EXTERNAL
    SYMBOL:  STARTTIMING
    MODULE:  luxp_PWRS.obj (LUXP_PWRS)
    ADDRESS: EBE8H

*** ERROR L118: REFERENCE MADE TO ERRONEOUS EXTERNAL
    SYMBOL:  I2CWRITE
    MODULE:  luxp_PWRS.obj (LUXP_PWRS)
    ADDRESS: EC17H

*** ERROR L118: REFERENCE MADE TO ERRONEOUS EXTERNAL
    SYMBOL:  ENDTIMING
    MODULE:  luxp_PWRS.obj (LUXP_PWRS)
    ADDRESS: EC29H

*** ERROR L118: REFERENCE MADE TO ERRONEOUS EXTERNAL
    SYMBOL:  STARTTIMING
    MODULE:  luxp_PWRS.obj (LUXP_PWRS)
    ADDRESS: EA8DH

*** ERROR L118: REFERENCE MADE TO ERRONEOUS EXTERNAL
    SYMBOL:  I2CWRITE
    MODULE:  luxp_PWRS.obj (LUXP_PWRS)
    ADDRESS: EAB4H

*** ERROR L118: REFERENCE MADE TO ERRONEOUS EXTERNAL
    SYMBOL:  ENDTIMING
    MODULE:  luxp_PWRS.obj (LUXP_PWRS)
    ADDRESS: EAC6H

*** ERROR L118: REFERENCE MADE TO ERRONEOUS EXTERNAL
BL51 BANKED LINKER/LOCATER V6.22                                                      01/09/2014  12:21:23  PAGE 309


    SYMBOL:  STARTTIMING
    MODULE:  luxp_PWRS.obj (LUXP_PWRS)
    ADDRESS: F7F6H

*** ERROR L118: REFERENCE MADE TO ERRONEOUS EXTERNAL
    SYMBOL:  I2CWRITE
    MODULE:  luxp_PWRS.obj (LUXP_PWRS)
    ADDRESS: F80AH

*** ERROR L118: REFERENCE MADE TO ERRONEOUS EXTERNAL
    SYMBOL:  ENDTIMING
    MODULE:  luxp_PWRS.obj (LUXP_PWRS)
    ADDRESS: F81CH

*** ERROR L118: REFERENCE MADE TO ERRONEOUS EXTERNAL
    SYMBOL:  STARTTIMING
    MODULE:  luxp_PWRS.obj (LUXP_PWRS)
    ADDRESS: F8AAH

*** ERROR L118: REFERENCE MADE TO ERRONEOUS EXTERNAL
    SYMBOL:  I2CWRITE
    MODULE:  luxp_PWRS.obj (LUXP_PWRS)
    ADDRESS: F8BDH

*** ERROR L118: REFERENCE MADE TO ERRONEOUS EXTERNAL
    SYMBOL:  ENDTIMING
    MODULE:  luxp_PWRS.obj (LUXP_PWRS)
    ADDRESS: F8CFH

*** ERROR L118: REFERENCE MADE TO ERRONEOUS EXTERNAL
    SYMBOL:  STARTTIMING
    MODULE:  luxp_PWRS.obj (LUXP_PWRS)
    ADDRESS: F172H

*** ERROR L118: REFERENCE MADE TO ERRONEOUS EXTERNAL
    SYMBOL:  I2CWRITE
    MODULE:  luxp_PWRS.obj (LUXP_PWRS)
    ADDRESS: F18EH

*** ERROR L118: REFERENCE MADE TO ERRONEOUS EXTERNAL
    SYMBOL:  ENDTIMING
    MODULE:  luxp_PWRS.obj (LUXP_PWRS)
    ADDRESS: F1A0H

*** ERROR L118: REFERENCE MADE TO ERRONEOUS EXTERNAL
    SYMBOL:  STARTTIMING
    MODULE:  luxp_PWRS.obj (LUXP_PWRS)
    ADDRESS: D800H

*** ERROR L118: REFERENCE MADE TO ERRONEOUS EXTERNAL
    SYMBOL:  I2CWRITE
    MODULE:  luxp_PWRS.obj (LUXP_PWRS)
    ADDRESS: D855H

*** ERROR L118: REFERENCE MADE TO ERRONEOUS EXTERNAL
    SYMBOL:  ENDTIMING
    MODULE:  luxp_PWRS.obj (LUXP_PWRS)
BL51 BANKED LINKER/LOCATER V6.22                                                      01/09/2014  12:21:23  PAGE 310


    ADDRESS: D867H

*** ERROR L118: REFERENCE MADE TO ERRONEOUS EXTERNAL
    SYMBOL:  STARTTIMING
    MODULE:  luxp_PWRS.obj (LUXP_PWRS)
    ADDRESS: F688H

*** ERROR L118: REFERENCE MADE TO ERRONEOUS EXTERNAL
    SYMBOL:  I2CWRITE
    MODULE:  luxp_PWRS.obj (LUXP_PWRS)
    ADDRESS: F69DH

*** ERROR L118: REFERENCE MADE TO ERRONEOUS EXTERNAL
    SYMBOL:  ENDTIMING
    MODULE:  luxp_PWRS.obj (LUXP_PWRS)
    ADDRESS: F6AFH

*** ERROR L118: REFERENCE MADE TO ERRONEOUS EXTERNAL
    SYMBOL:  STARTTIMING
    MODULE:  luxp_PWRS.obj (LUXP_PWRS)
    ADDRESS: F6C5H

*** ERROR L118: REFERENCE MADE TO ERRONEOUS EXTERNAL
    SYMBOL:  I2CWRITE
    MODULE:  luxp_PWRS.obj (LUXP_PWRS)
    ADDRESS: F6DBH

*** ERROR L118: REFERENCE MADE TO ERRONEOUS EXTERNAL
    SYMBOL:  ENDTIMING
    MODULE:  luxp_PWRS.obj (LUXP_PWRS)
    ADDRESS: F6EDH

*** ERROR L120: CONTENT BELONGS TO ERRONEOUS SEGMENT
    SEGMENT: ?PR?LUXP_RTC
    MODULE:  luxp_RTC.obj (LUXP_RTC)

*** ERROR L118: REFERENCE MADE TO ERRONEOUS EXTERNAL
    SYMBOL:  STARTTIMING
    MODULE:  luxp_RTC.obj (LUXP_RTC)
    ADDRESS: D0A6H

*** ERROR L118: REFERENCE MADE TO ERRONEOUS EXTERNAL
    SYMBOL:  _ONEHEX2TWODEC
    MODULE:  luxp_RTC.obj (LUXP_RTC)
    ADDRESS: D0BBH

*** ERROR L118: REFERENCE MADE TO ERRONEOUS EXTERNAL
    SYMBOL:  _ONEHEX2TWODEC
    MODULE:  luxp_RTC.obj (LUXP_RTC)
    ADDRESS: D0C8H

*** ERROR L118: REFERENCE MADE TO ERRONEOUS EXTERNAL
    SYMBOL:  _ONEHEX2TWODEC
    MODULE:  luxp_RTC.obj (LUXP_RTC)
    ADDRESS: D0D5H

*** ERROR L118: REFERENCE MADE TO ERRONEOUS EXTERNAL
BL51 BANKED LINKER/LOCATER V6.22                                                      01/09/2014  12:21:23  PAGE 311


    SYMBOL:  _ONEHEX2TWODEC
    MODULE:  luxp_RTC.obj (LUXP_RTC)
    ADDRESS: D0E2H

*** ERROR L118: REFERENCE MADE TO ERRONEOUS EXTERNAL
    SYMBOL:  _ONEHEX2TWODEC
    MODULE:  luxp_RTC.obj (LUXP_RTC)
    ADDRESS: D0EFH

*** ERROR L118: REFERENCE MADE TO ERRONEOUS EXTERNAL
    SYMBOL:  _ONEHEX2TWODEC
    MODULE:  luxp_RTC.obj (LUXP_RTC)
    ADDRESS: D0FCH

*** ERROR L118: REFERENCE MADE TO ERRONEOUS EXTERNAL
    SYMBOL:  _ONEHEX2TWODEC
    MODULE:  luxp_RTC.obj (LUXP_RTC)
    ADDRESS: D109H

*** ERROR L118: REFERENCE MADE TO ERRONEOUS EXTERNAL
    SYMBOL:  _ONEHEX2TWODEC
    MODULE:  luxp_RTC.obj (LUXP_RTC)
    ADDRESS: D116H

*** ERROR L118: REFERENCE MADE TO ERRONEOUS EXTERNAL
    SYMBOL:  I2CWRITE
    MODULE:  luxp_RTC.obj (LUXP_RTC)
    ADDRESS: D12AH

*** ERROR L118: REFERENCE MADE TO ERRONEOUS EXTERNAL
    SYMBOL:  ENDTIMING
    MODULE:  luxp_RTC.obj (LUXP_RTC)
    ADDRESS: D13CH

*** ERROR L118: REFERENCE MADE TO ERRONEOUS EXTERNAL
    SYMBOL:  STARTTIMING
    MODULE:  luxp_RTC.obj (LUXP_RTC)
    ADDRESS: F831H

*** ERROR L118: REFERENCE MADE TO ERRONEOUS EXTERNAL
    SYMBOL:  I2CREAD
    MODULE:  luxp_RTC.obj (LUXP_RTC)
    ADDRESS: F840H

*** ERROR L118: REFERENCE MADE TO ERRONEOUS EXTERNAL
    SYMBOL:  ENDTIMING
    MODULE:  luxp_RTC.obj (LUXP_RTC)
    ADDRESS: F858H

*** ERROR L118: REFERENCE MADE TO ERRONEOUS EXTERNAL
    SYMBOL:  STARTTIMING
    MODULE:  luxp_RTC.obj (LUXP_RTC)
    ADDRESS: D00BH

*** ERROR L118: REFERENCE MADE TO ERRONEOUS EXTERNAL
    SYMBOL:  _ONEHEX2TWODEC
    MODULE:  luxp_RTC.obj (LUXP_RTC)
BL51 BANKED LINKER/LOCATER V6.22                                                      01/09/2014  12:21:23  PAGE 312


    ADDRESS: D01DH

*** ERROR L118: REFERENCE MADE TO ERRONEOUS EXTERNAL
    SYMBOL:  _ONEHEX2TWODEC
    MODULE:  luxp_RTC.obj (LUXP_RTC)
    ADDRESS: D02AH

*** ERROR L118: REFERENCE MADE TO ERRONEOUS EXTERNAL
    SYMBOL:  _ONEHEX2TWODEC
    MODULE:  luxp_RTC.obj (LUXP_RTC)
    ADDRESS: D037H

*** ERROR L118: REFERENCE MADE TO ERRONEOUS EXTERNAL
    SYMBOL:  _ONEHEX2TWODEC
    MODULE:  luxp_RTC.obj (LUXP_RTC)
    ADDRESS: D044H

*** ERROR L118: REFERENCE MADE TO ERRONEOUS EXTERNAL
    SYMBOL:  _ONEHEX2TWODEC
    MODULE:  luxp_RTC.obj (LUXP_RTC)
    ADDRESS: D051H

*** ERROR L118: REFERENCE MADE TO ERRONEOUS EXTERNAL
    SYMBOL:  _ONEHEX2TWODEC
    MODULE:  luxp_RTC.obj (LUXP_RTC)
    ADDRESS: D05EH

*** ERROR L118: REFERENCE MADE TO ERRONEOUS EXTERNAL
    SYMBOL:  _ONEHEX2TWODEC
    MODULE:  luxp_RTC.obj (LUXP_RTC)
    ADDRESS: D06BH

*** ERROR L118: REFERENCE MADE TO ERRONEOUS EXTERNAL
    SYMBOL:  I2CWRITE
    MODULE:  luxp_RTC.obj (LUXP_RTC)
    ADDRESS: D07FH

*** ERROR L118: REFERENCE MADE TO ERRONEOUS EXTERNAL
    SYMBOL:  ENDTIMING
    MODULE:  luxp_RTC.obj (LUXP_RTC)
    ADDRESS: D091H

*** ERROR L105: PUBLIC REFERS TO IGNORED SEGMENT
    SYMBOL:  I2CREAD
    SEGMENT: ?PR?I2CREAD?LUXP_RW

*** ERROR L105: PUBLIC REFERS TO IGNORED SEGMENT
    SYMBOL:  I2CWRITE
    SEGMENT: ?PR?I2CWRITE?LUXP_RW

*** ERROR L120: CONTENT BELONGS TO ERRONEOUS SEGMENT
    SEGMENT: ?PR?LUXP_RW
    MODULE:  luxp_RW.obj (LUXP_RW)

*** ERROR L120: CONTENT BELONGS TO ERRONEOUS SEGMENT
    SEGMENT: ?PR?I2CWRITE?LUXP_RW
    MODULE:  luxp_RW.obj (LUXP_RW)
BL51 BANKED LINKER/LOCATER V6.22                                                      01/09/2014  12:21:23  PAGE 313



*** ERROR L120: CONTENT BELONGS TO ERRONEOUS SEGMENT
    SEGMENT: ?PR?I2CWRITE?LUXP_RW
    MODULE:  luxp_RW.obj (LUXP_RW)

*** ERROR L120: CONTENT BELONGS TO ERRONEOUS SEGMENT
    SEGMENT: ?PR?I2CREAD?LUXP_RW
    MODULE:  luxp_RW.obj (LUXP_RW)

*** ERROR L120: CONTENT BELONGS TO ERRONEOUS SEGMENT
    SEGMENT: ?PR?I2CREAD?LUXP_RW
    MODULE:  luxp_RW.obj (LUXP_RW)

*** ERROR L105: PUBLIC REFERS TO IGNORED SEGMENT
    SYMBOL:  _SWAPSCHEDULEINDEX
    SEGMENT: ?PR?_SWAPSCHEDULEINDEX?LUXP_SCHEDULE

*** ERROR L120: CONTENT BELONGS TO ERRONEOUS SEGMENT
    SEGMENT: ?PR?_SWAPSCHEDULEINDEX?LUXP_SCHEDULE
    MODULE:  luxp_schedule.obj (LUXP_SCHEDULE)

*** ERROR L120: CONTENT BELONGS TO ERRONEOUS SEGMENT
    SEGMENT: ?PR?_SWAPSCHEDULEINDEX?LUXP_SCHEDULE
    MODULE:  luxp_schedule.obj (LUXP_SCHEDULE)

*** ERROR L105: PUBLIC REFERS TO IGNORED SEGMENT
    SYMBOL:  _SD_CRC7PUBLISH
    SEGMENT: ?PR?_SD_CRC7PUBLISH?LUXP_SD

*** ERROR L105: PUBLIC REFERS TO IGNORED SEGMENT
    SYMBOL:  SD_SPIREADBYTE
    SEGMENT: ?PR?SD_SPIREADBYTE?LUXP_SD

*** ERROR L105: PUBLIC REFERS TO IGNORED SEGMENT
    SYMBOL:  _SD_SPIWRITEBYTE
    SEGMENT: ?PR?_SD_SPIWRITEBYTE?LUXP_SD

*** ERROR L120: CONTENT BELONGS TO ERRONEOUS SEGMENT
    SEGMENT: ?PR?_SD_SPIWRITEBYTE?LUXP_SD
    MODULE:  luxp_SD.obj (LUXP_SD)

*** ERROR L120: CONTENT BELONGS TO ERRONEOUS SEGMENT
    SEGMENT: ?PR?SD_SPIREADBYTE?LUXP_SD
    MODULE:  luxp_SD.obj (LUXP_SD)

*** ERROR L120: CONTENT BELONGS TO ERRONEOUS SEGMENT
    SEGMENT: ?PR?SD_SPIREADBYTE?LUXP_SD
    MODULE:  luxp_SD.obj (LUXP_SD)

*** ERROR L120: CONTENT BELONGS TO ERRONEOUS SEGMENT
    SEGMENT: ?PR?_SD_CRC7PUBLISH?LUXP_SD
    MODULE:  luxp_SD.obj (LUXP_SD)

*** ERROR L105: PUBLIC REFERS TO IGNORED SEGMENT
    SYMBOL:  SENDKEYREQUEST
    SEGMENT: ?PR?SENDKEYREQUEST?LUXP_SEND

BL51 BANKED LINKER/LOCATER V6.22                                                      01/09/2014  12:21:23  PAGE 314


*** ERROR L105: PUBLIC REFERS TO IGNORED SEGMENT
    SYMBOL:  _SENDCOMMONDATA
    SEGMENT: ?PR?_SENDCOMMONDATA?LUXP_SEND

*** ERROR L118: REFERENCE MADE TO ERRONEOUS EXTERNAL
    SYMBOL:  GROUNDENTERSENDREALTIME
    MODULE:  luxp_send.obj (LUXP_SEND)
    ADDRESS: F3FCH

*** ERROR L120: CONTENT BELONGS TO ERRONEOUS SEGMENT
    SEGMENT: ?PR?_SENDCOMMONDATA?LUXP_SEND
    MODULE:  luxp_send.obj (LUXP_SEND)

*** ERROR L118: REFERENCE MADE TO ERRONEOUS EXTERNAL
    SYMBOL:  GROUNDENTERSENDREALTIME
    MODULE:  luxp_send.obj (LUXP_SEND)
    ADDRESS: 001BH

*** ERROR L120: CONTENT BELONGS TO ERRONEOUS SEGMENT
    SEGMENT: ?PR?_SENDCOMMONDATA?LUXP_SEND
    MODULE:  luxp_send.obj (LUXP_SEND)

*** ERROR L120: CONTENT BELONGS TO ERRONEOUS SEGMENT
    SEGMENT: ?PR?SENDKEYREQUEST?LUXP_SEND
    MODULE:  luxp_send.obj (LUXP_SEND)

*** ERROR L118: REFERENCE MADE TO ERRONEOUS EXTERNAL
    SYMBOL:  GROUNDSTARTSENDREQUEST
    MODULE:  luxp_send.obj (LUXP_SEND)
    ADDRESS: 0018H

*** ERROR L120: CONTENT BELONGS TO ERRONEOUS SEGMENT
    SEGMENT: ?PR?SENDKEYREQUEST?LUXP_SEND
    MODULE:  luxp_send.obj (LUXP_SEND)

*** ERROR L118: REFERENCE MADE TO ERRONEOUS EXTERNAL
    SYMBOL:  ENTERM5
    MODULE:  luxp_storing.obj (LUXP_STORING)
    ADDRESS: DB73H

*** ERROR L105: PUBLIC REFERS TO IGNORED SEGMENT
    SYMBOL:  TERMINATELOGDATA
    SEGMENT: ?PR?TERMINATELOGDATA?LUXP_TASK

*** ERROR L105: PUBLIC REFERS TO IGNORED SEGMENT
    SYMBOL:  _RESETSCRIPTLINETIMER
    SEGMENT: ?PR?_RESETSCRIPTLINETIMER?LUXP_TASK

*** ERROR L105: PUBLIC REFERS TO IGNORED SEGMENT
    SYMBOL:  _SCRIPTLINESTOPTIMER
    SEGMENT: ?PR?_SCRIPTLINESTOPTIMER?LUXP_TASK

*** ERROR L105: PUBLIC REFERS TO IGNORED SEGMENT
    SYMBOL:  _GETREADINGFORMAT
    SEGMENT: ?PR?_GETREADINGFORMAT?LUXP_TASK

*** ERROR L120: CONTENT BELONGS TO ERRONEOUS SEGMENT
BL51 BANKED LINKER/LOCATER V6.22                                                      01/09/2014  12:21:23  PAGE 315


    SEGMENT: ?PR?_GETREADINGFORMAT?LUXP_TASK
    MODULE:  luxp_task.obj (LUXP_TASK)

*** ERROR L120: CONTENT BELONGS TO ERRONEOUS SEGMENT
    SEGMENT: ?PR?_GETREADINGFORMAT?LUXP_TASK
    MODULE:  luxp_task.obj (LUXP_TASK)

*** ERROR L120: CONTENT BELONGS TO ERRONEOUS SEGMENT
    SEGMENT: ?PR?_SCRIPTLINESTOPTIMER?LUXP_TASK
    MODULE:  luxp_task.obj (LUXP_TASK)

*** ERROR L120: CONTENT BELONGS TO ERRONEOUS SEGMENT
    SEGMENT: ?PR?_SCRIPTLINESTOPTIMER?LUXP_TASK
    MODULE:  luxp_task.obj (LUXP_TASK)

*** ERROR L120: CONTENT BELONGS TO ERRONEOUS SEGMENT
    SEGMENT: ?PR?_RESETSCRIPTLINETIMER?LUXP_TASK
    MODULE:  luxp_task.obj (LUXP_TASK)

*** ERROR L118: REFERENCE MADE TO ERRONEOUS EXTERNAL
    SYMBOL:  _WAITMS
    MODULE:  luxp_task.obj (LUXP_TASK)
    ADDRESS: 67E2H

*** ERROR L118: REFERENCE MADE TO ERRONEOUS EXTERNAL
    SYMBOL:  GETHKTIMEANDORBIT
    MODULE:  luxp_task.obj (LUXP_TASK)
    ADDRESS: E7F0H

*** ERROR L120: CONTENT BELONGS TO ERRONEOUS SEGMENT
    SEGMENT: ?PR?TERMINATELOGDATA?LUXP_TASK
    MODULE:  luxp_task.obj (LUXP_TASK)

*** ERROR L105: PUBLIC REFERS TO IGNORED SEGMENT
    SYMBOL:  ENDTIMING
    SEGMENT: ?PR?ENDTIMING?LUXP_TIME

*** ERROR L105: PUBLIC REFERS TO IGNORED SEGMENT
    SYMBOL:  STARTTIMING
    SEGMENT: ?PR?STARTTIMING?LUXP_TIME

*** ERROR L105: PUBLIC REFERS TO IGNORED SEGMENT
    SYMBOL:  GETHKTIMEANDORBIT
    SEGMENT: ?PR?GETHKTIMEANDORBIT?LUXP_TIME

*** ERROR L105: PUBLIC REFERS TO IGNORED SEGMENT
    SYMBOL:  _WAITMS
    SEGMENT: ?PR?_WAITMS?LUXP_TIME

*** ERROR L120: CONTENT BELONGS TO ERRONEOUS SEGMENT
    SEGMENT: ?PR?_WAITMS?LUXP_TIME
    MODULE:  luxp_time.obj (LUXP_TIME)

*** ERROR L118: REFERENCE MADE TO ERRONEOUS EXTERNAL
    SYMBOL:  _TWODEC2ONEHEX
    MODULE:  luxp_time.obj (LUXP_TIME)
    ADDRESS: E064H
BL51 BANKED LINKER/LOCATER V6.22                                                      01/09/2014  12:21:23  PAGE 316



*** ERROR L118: REFERENCE MADE TO ERRONEOUS EXTERNAL
    SYMBOL:  _TWODEC2ONEHEX
    MODULE:  luxp_time.obj (LUXP_TIME)
    ADDRESS: E07BH

*** ERROR L118: REFERENCE MADE TO ERRONEOUS EXTERNAL
    SYMBOL:  _TWODEC2ONEHEX
    MODULE:  luxp_time.obj (LUXP_TIME)
    ADDRESS: E088H

*** ERROR L118: REFERENCE MADE TO ERRONEOUS EXTERNAL
    SYMBOL:  _TWODEC2ONEHEX
    MODULE:  luxp_time.obj (LUXP_TIME)
    ADDRESS: E095H

*** ERROR L118: REFERENCE MADE TO ERRONEOUS EXTERNAL
    SYMBOL:  _TWODEC2ONEHEX
    MODULE:  luxp_time.obj (LUXP_TIME)
    ADDRESS: E0A2H

*** ERROR L118: REFERENCE MADE TO ERRONEOUS EXTERNAL
    SYMBOL:  _TWODEC2ONEHEX
    MODULE:  luxp_time.obj (LUXP_TIME)
    ADDRESS: E0AFH

*** ERROR L118: REFERENCE MADE TO ERRONEOUS EXTERNAL
    SYMBOL:  _TWODEC2ONEHEX
    MODULE:  luxp_time.obj (LUXP_TIME)
    ADDRESS: E0BCH

*** ERROR L118: REFERENCE MADE TO ERRONEOUS EXTERNAL
    SYMBOL:  _TWODEC2ONEHEX
    MODULE:  luxp_time.obj (LUXP_TIME)
    ADDRESS: E0C9H

*** ERROR L120: CONTENT BELONGS TO ERRONEOUS SEGMENT
    SEGMENT: ?PR?GETHKTIMEANDORBIT?LUXP_TIME
    MODULE:  luxp_time.obj (LUXP_TIME)

*** ERROR L120: CONTENT BELONGS TO ERRONEOUS SEGMENT
    SEGMENT: ?PR?STARTTIMING?LUXP_TIME
    MODULE:  luxp_time.obj (LUXP_TIME)

*** ERROR L120: CONTENT BELONGS TO ERRONEOUS SEGMENT
    SEGMENT: ?PR?ENDTIMING?LUXP_TIME
    MODULE:  luxp_time.obj (LUXP_TIME)

*** FATAL ERROR L250: CODE SIZE LIMIT IN RESTRICTED VERSION EXCEEDED
    MODULE:  luxp_time.obj (-----)
    LIMIT:   0800H BYTES